[0.062s] Invoking command in '/opt/ros/gazebo_ros_build/build/gazebo_ros': AMENT_PREFIX_PATH=/opt/ros/gazebo_ros_build/install:${AMENT_PREFIX_PATH} CMAKE_PREFIX_PATH=/opt/ros/gazebo_ros_build/install:/opt/ros/humble LD_LIBRARY_PATH=/opt/ros/gazebo_ros_build/install/lib:${LD_LIBRARY_PATH} PYTHONPATH=/opt/ros/gazebo_ros_build/install/local/lib/python3.10/dist-packages:${PYTHONPATH} /usr/bin/cmake /opt/ros/gazebo_ros_build/src/gazebo_ros -DCMAKE_INSTALL_PREFIX=/opt/ros/gazebo_ros_build/install
[0.380s] -- The C compiler identification is GNU 11.4.0
[0.703s] -- The CXX compiler identification is GNU 11.4.0
[0.743s] -- Detecting C compiler ABI info
[1.121s] -- Detecting C compiler ABI info - done
[1.165s] -- Check for working C compiler: /usr/bin/cc - skipped
[1.166s] -- Detecting C compile features
[1.168s] -- Detecting C compile features - done
[1.184s] -- Detecting CXX compiler ABI info
[1.612s] -- Detecting CXX compiler ABI info - done
[1.657s] -- Check for working CXX compiler: /usr/bin/c++ - skipped
[1.658s] -- Detecting CXX compile features
[1.661s] -- Detecting CXX compile features - done
[1.678s] -- Found ament_cmake: 1.3.12 (/opt/ros/humble/share/ament_cmake/cmake)
[2.481s] -- Found Python3: /usr/bin/python3 (found version "3.10.12") found components: Interpreter 
[2.987s] -- Found builtin_interfaces: 1.2.2 (/opt/ros/humble/share/builtin_interfaces/cmake)
[3.182s] -- Found rosidl_generator_c: 3.1.7 (/opt/ros/humble/share/rosidl_generator_c/cmake)
[3.217s] -- Found rosidl_adapter: 3.1.7 (/opt/ros/humble/share/rosidl_adapter/cmake)
[3.269s] -- Found rosidl_generator_cpp: 3.1.7 (/opt/ros/humble/share/rosidl_generator_cpp/cmake)
[3.344s] -- Using all available rosidl_typesupport_c: rosidl_typesupport_fastrtps_c;rosidl_typesupport_introspection_c
[3.447s] -- Using all available rosidl_typesupport_cpp: rosidl_typesupport_fastrtps_cpp;rosidl_typesupport_introspection_cpp
[3.538s] -- Found gazebo_dev: 3.9.0 (/opt/ros/gazebo_ros_build/install/share/gazebo_dev/cmake)
[3.575s] -- Found PkgConfig: /usr/bin/pkg-config (found version "0.29.2") 
[3.583s] -- Checking for module 'bullet>=2.82'
[3.644s] --   Found bullet, version 3.05
[4.195s] -- Found fcl: /usr/include (found suitable version "0.7.0", minimum required is "0.5.0") 
[4.443s] -- Found assimp: /usr/include (found version "5.2.0") 
[4.565s] -- Found DART: /usr/include (Required is at least version "6.6") found components: dart 
[5.551s] -- Found Boost: /usr/lib/aarch64-linux-gnu/cmake/Boost-1.74.0/BoostConfig.cmake (found suitable version "1.74.0", minimum required is "1.40.0") found components: thread system filesystem program_options regex iostreams date_time 
[5.617s] -- Found Protobuf: /usr/lib/aarch64-linux-gnu/libprotobuf.so (found version "3.12.4") 
[5.652s] -- Looking for ignition-math6 -- found version 6.15.1
[5.686s] -- Searching for dependencies of ignition-math6
[5.693s] -- Looking for OGRE...
[5.695s] -- OGRE_PREFIX_WATCH changed.
[5.722s] -- Checking for module 'OGRE'
[5.784s] --   Found OGRE, version 1.9.0
[5.944s] -- Found Ogre Ghadamon (1.9.0)
[5.993s] -- Found OGRE: optimized;/usr/lib/aarch64-linux-gnu/libOgreMain.so;debug;/usr/lib/aarch64-linux-gnu/libOgreMain.so
[6.040s] -- Looking for OGRE_Paging...
[6.060s] -- Found OGRE_Paging: optimized;/usr/lib/aarch64-linux-gnu/libOgrePaging.so;debug;/usr/lib/aarch64-linux-gnu/libOgrePaging.so
[6.060s] -- Looking for OGRE_Terrain...
[6.079s] -- Found OGRE_Terrain: optimized;/usr/lib/aarch64-linux-gnu/libOgreTerrain.so;debug;/usr/lib/aarch64-linux-gnu/libOgreTerrain.so
[6.080s] -- Looking for OGRE_Property...
[6.099s] -- Found OGRE_Property: optimized;/usr/lib/aarch64-linux-gnu/libOgreProperty.so;debug;/usr/lib/aarch64-linux-gnu/libOgreProperty.so
[6.100s] -- Looking for OGRE_RTShaderSystem...
[6.118s] -- Found OGRE_RTShaderSystem: optimized;/usr/lib/aarch64-linux-gnu/libOgreRTShaderSystem.so;debug;/usr/lib/aarch64-linux-gnu/libOgreRTShaderSystem.so
[6.118s] -- Looking for OGRE_Volume...
[6.138s] -- Found OGRE_Volume: optimized;/usr/lib/aarch64-linux-gnu/libOgreVolume.so;debug;/usr/lib/aarch64-linux-gnu/libOgreVolume.so
[6.138s] -- Looking for OGRE_Overlay...
[6.156s] -- Found OGRE_Overlay: optimized;/usr/lib/aarch64-linux-gnu/libOgreOverlay.so;debug;/usr/lib/aarch64-linux-gnu/libOgreOverlay.so
[6.639s] -- Looking for ignition-math6 -- found version 6.15.1
[6.656s] -- Looking for ignition-transport8 -- found version 8.2.1
[6.658s] -- Searching for dependencies of ignition-transport8
[6.764s] -- Found Protobuf: /usr/lib/aarch64-linux-gnu/libprotobuf.so (found suitable version "3.12.4", minimum required is "3") 
[6.840s] -- Config-file not installed for ZeroMQ -- checking for pkg-config
[6.871s] -- Checking for module 'libzmq >= 4'
[6.939s] --   Found libzmq , version 4.3.4
[7.141s] -- Found ZeroMQ: TRUE (Required is at least version "4") 
[7.171s] -- Checking for module 'uuid'
[7.236s] --   Found uuid, version 2.37.2
[7.401s] -- Found UUID: TRUE  
[7.417s] -- Looking for ignition-msgs5 -- found version 5.8.1
[7.420s] -- Searching for dependencies of ignition-msgs5
[7.535s] -- Looking for ignition-math6 -- found version 6.15.1
[7.562s] -- Checking for module 'tinyxml2'
[7.627s] --   Found tinyxml2, version 9.0.0
[7.800s] -- Looking for ignition-msgs5 -- found version 5.8.1
[7.815s] -- Looking for ignition-common3 -- found version 3.14.0
[7.818s] -- Searching for dependencies of ignition-common3
[7.819s] -- Looking for dlfcn.h - found
[7.822s] -- Looking for libdl - found
[7.829s] -- Found DL: TRUE  
[7.889s] -- Found tinyobjloader: /usr/lib/aarch64-linux-gnu/cmake/tinyobjloader/tinyobjloader-config.cmake (found version "2.0.0") 
[7.891s] -- Searching for <ignition-common3> component [graphics]
[7.906s] -- Looking for ignition-common3-graphics -- found version 3.14.0
[7.910s] -- Searching for dependencies of ignition-common3-graphics
[7.911s] -- Looking for ignition-math6 -- found version 6.15.1
[7.930s] -- Looking for ignition-fuel_tools4 -- found version 4.4.0
[7.932s] -- Searching for dependencies of ignition-fuel_tools4
[8.342s] -- Found CURL: /usr/lib/aarch64-linux-gnu/libcurl.so (found version "7.81.0")  
[8.393s] -- Checking for module 'jsoncpp'
[8.460s] --   Found jsoncpp, version 1.9.5
[8.630s] -- Found JSONCPP: TRUE  
[8.663s] -- Checking for module 'libzip'
[8.730s] --   Found libzip, version 1.7.3
[8.899s] -- Found ZIP: TRUE  
[8.901s] -- Looking for ignition-common3 -- found version 3.14.0
[8.903s] -- Looking for ignition-math6 -- found version 6.15.1
[8.906s] -- Looking for ignition-msgs5 -- found version 5.8.1
[8.928s] -- Gazebo version: 11.10
[8.930s] -- Checking for module 'tbb'
[9.000s] --   Found tbb, version 2021.5.0
[9.171s] -- Found gazebo_msgs: 3.9.0 (/opt/ros/gazebo_ros_build/install/share/gazebo_msgs/cmake)
[9.528s] -- Found rcl: 5.3.10 (/opt/ros/humble/share/rcl/cmake)
[9.689s] -- Found rmw_implementation_cmake: 6.1.2 (/opt/ros/humble/share/rmw_implementation_cmake/cmake)
[9.704s] -- Found rmw_fastrtps_cpp: 6.2.8 (/opt/ros/humble/share/rmw_fastrtps_cpp/cmake)
[10.202s] -- Found OpenSSL: /usr/lib/aarch64-linux-gnu/libcrypto.so (found version "3.0.2")  
[10.340s] -- Found FastRTPS: /opt/ros/humble/include  
[10.596s] -- Using RMW implementation 'rmw_fastrtps_cpp' as default
[10.669s] -- Found Threads: TRUE  
[10.708s] -- Found rclcpp: 16.0.15 (/opt/ros/humble/share/rclcpp/cmake)
[10.928s] -- Found std_srvs: 4.9.0 (/opt/ros/humble/share/std_srvs/cmake)
[10.986s] -- Found tinyxml_vendor: 0.8.3 (/opt/ros/humble/share/tinyxml_vendor/cmake)
[11.648s] -- Found ament_cmake_gtest: 1.3.12 (/opt/ros/humble/share/ament_cmake_gtest/cmake)
[11.663s] -- Found launch_testing_ament_cmake: 1.0.10 (/opt/ros/humble/share/launch_testing_ament_cmake/cmake)
[11.674s] -- Found python_cmake_module: 0.10.0 (/opt/ros/humble/share/python_cmake_module/cmake)
[11.791s] -- Found PythonInterp: /usr/bin/python3 (found suitable version "3.10.12", minimum required is "3.6") 
[11.812s] -- Found PythonLibs: /usr/lib/aarch64-linux-gnu/libpython3.10.so (found suitable version "3.10.12", minimum required is "3.5") 
[11.813s] -- Using PYTHON_EXECUTABLE: /usr/bin/python3
[11.813s] -- Using PYTHON_INCLUDE_DIRS: /usr/include/python3.10
[11.813s] -- Using PYTHON_LIBRARIES: /usr/lib/aarch64-linux-gnu/libpython3.10.so
[11.933s] -- Found PythonExtra: .so  
[11.946s] -- Found sensor_msgs: 4.9.0 (/opt/ros/humble/share/sensor_msgs/cmake)
[12.131s] -- Found gtest sources under '/opt/ros/humble/src/gtest_vendor': C++ tests using 'Google Test' will be built
[12.614s] -- Found ament_lint_auto: 0.12.14 (/opt/ros/humble/share/ament_lint_auto/cmake)
[13.053s] -- Found python_cmake_module: 0.10.0 (/opt/ros/humble/share/python_cmake_module/cmake)
[13.173s] -- Using PYTHON_EXECUTABLE: /usr/bin/python3
[13.173s] -- Using PYTHON_INCLUDE_DIRS: /usr/include/python3.10
[13.174s] -- Using PYTHON_LIBRARIES: /usr/lib/aarch64-linux-gnu/libpython3.10.so
[13.363s] -- Added test 'copyright' to check source files copyright and LICENSE
[13.398s] -- Added test 'cppcheck' to perform static code analysis on C / C++ code
[13.404s] -- Configured cppcheck include dirs: $<BUILD_INTERFACE:/opt/ros/gazebo_ros_build/src/gazebo_ros/include>
[13.405s] -- Configured cppcheck exclude dirs and/or files: 
[13.411s] -- Added test 'flake8' to check Python code syntax and style conventions
[13.421s] -- Added test 'lint_cmake' to check CMake code style
[13.426s] -- Added test 'pep257' to check Python code against some of the docstring style conventions in PEP 257
[13.459s] -- Added test 'uncrustify' to check C / C++ code style
[13.460s] -- Configured uncrustify additional arguments: 
[13.465s] -- Added test 'xmllint' to check XML markup files
[13.480s] -- Configuring done
[16.758s] -- Generating done
[17.100s] -- Build files have been written to: /opt/ros/gazebo_ros_build/build/gazebo_ros
[17.202s] Invoked command in '/opt/ros/gazebo_ros_build/build/gazebo_ros' returned '0': AMENT_PREFIX_PATH=/opt/ros/gazebo_ros_build/install:${AMENT_PREFIX_PATH} CMAKE_PREFIX_PATH=/opt/ros/gazebo_ros_build/install:/opt/ros/humble LD_LIBRARY_PATH=/opt/ros/gazebo_ros_build/install/lib:${LD_LIBRARY_PATH} PYTHONPATH=/opt/ros/gazebo_ros_build/install/local/lib/python3.10/dist-packages:${PYTHONPATH} /usr/bin/cmake /opt/ros/gazebo_ros_build/src/gazebo_ros -DCMAKE_INSTALL_PREFIX=/opt/ros/gazebo_ros_build/install
[17.214s] Invoking command in '/opt/ros/gazebo_ros_build/build/gazebo_ros': AMENT_PREFIX_PATH=/opt/ros/gazebo_ros_build/install:${AMENT_PREFIX_PATH} CMAKE_PREFIX_PATH=/opt/ros/gazebo_ros_build/install:/opt/ros/humble LD_LIBRARY_PATH=/opt/ros/gazebo_ros_build/install/lib:${LD_LIBRARY_PATH} PYTHONPATH=/opt/ros/gazebo_ros_build/install/local/lib/python3.10/dist-packages:${PYTHONPATH} /usr/bin/cmake --build /opt/ros/gazebo_ros_build/build/gazebo_ros -- -j6 -l6
[17.528s] [  1%] [32mBuilding CXX object CMakeFiles/gazebo_ros_node.dir/src/executor.cpp.o[0m
[17.529s] [  3%] [32mBuilding CXX object gtest/CMakeFiles/gtest_main.dir/src/gtest_main.cc.o[0m
[17.529s] [  4%] [32mBuilding CXX object gtest/CMakeFiles/gtest.dir/src/gtest-all.cc.o[0m
[17.542s] [  6%] [32mBuilding CXX object CMakeFiles/gazebo_ros_utils.dir/src/utils.cpp.o[0m
[17.548s] [  7%] [32mBuilding CXX object test/CMakeFiles/mock_robot_state_publisher.dir/mock_robot_state_publisher/robot_state_publisher.cpp.o[0m
[17.581s] [  7%] Built target ament_cmake_python_copy_scripts
[17.702s] [  9%] [32mBuilding CXX object test/CMakeFiles/mock_gazebo_ros_factory.dir/mock_gazebo_ros_factory/gazebo_ros_factory.cpp.o[0m
[21.540s] [ 10%] [32m[1mLinking CXX static library libgtest_main.a[0m
[21.725s] [ 10%] Built target gtest_main
[23.205s] running egg_info
[23.209s] creating scripts.egg-info
[23.210s] writing scripts.egg-info/PKG-INFO
[23.213s] writing dependency_links to scripts.egg-info/dependency_links.txt
[23.216s] writing top-level names to scripts.egg-info/top_level.txt
[23.218s] writing manifest file 'scripts.egg-info/SOURCES.txt'
[23.230s] reading manifest file 'scripts.egg-info/SOURCES.txt'
[23.233s] writing manifest file 'scripts.egg-info/SOURCES.txt'
[23.385s] [ 10%] Built target ament_cmake_python_build_scripts_egg
[23.438s] [ 12%] [32mBuilding CXX object CMakeFiles/gazebo_ros_node.dir/src/node.cpp.o[0m
[38.521s] [ 14%] [32m[1mLinking CXX static library libgtest.a[0m
[39.193s] [ 14%] Built target gtest
[39.330s] [ 15%] [32mBuilding CXX object CMakeFiles/gazebo_ros_node.dir/src/qos.cpp.o[0m
[42.165s] [ 17%] [32m[1mLinking CXX executable mock_gazebo_ros_factory[0m
[43.324s] [ 17%] Built target mock_gazebo_ros_factory
[47.777s] [ 18%] [32m[1mLinking CXX executable mock_robot_state_publisher[0m
[48.854s] [ 18%] Built target mock_robot_state_publisher
[69.405s] [ 20%] [32m[1mLinking CXX shared library libgazebo_ros_node.so[0m
[69.407s] [ 21%] [32m[1mLinking CXX shared library libgazebo_ros_utils.so[0m
[70.723s] [ 21%] Built target gazebo_ros_utils
[70.830s] [ 23%] [34m[1mAutomatic MOC for target gazebo_ros_eol_gui[0m
[71.552s] [ 23%] Built target gazebo_ros_node
[71.687s] [ 25%] [32mBuilding CXX object CMakeFiles/gazebo_ros_properties.dir/src/gazebo_ros_properties.cpp.o[0m
[71.689s] [ 26%] [32mBuilding CXX object CMakeFiles/gazebo_ros_factory.dir/src/gazebo_ros_factory.cpp.o[0m
[71.697s] [ 28%] [32mBuilding CXX object CMakeFiles/gazebo_ros_init.dir/src/gazebo_ros_init.cpp.o[0m
[71.700s] [ 29%] [32mBuilding CXX object CMakeFiles/gazebo_ros_state.dir/src/gazebo_ros_state.cpp.o[0m
[71.705s] [ 31%] [32mBuilding CXX object CMakeFiles/gazebo_ros_force_system.dir/src/gazebo_ros_force_system.cpp.o[0m
[78.674s] [ 31%] Built target gazebo_ros_eol_gui_autogen
[78.798s] [ 32%] [32mBuilding CXX object test/CMakeFiles/args_init.dir/plugins/args_init.cpp.o[0m
[137.260s] [ 34%] [32m[1mLinking CXX shared library libargs_init.so[0m
[139.402s] [ 34%] Built target args_init
[144.579s] [ 35%] [32mBuilding CXX object test/CMakeFiles/create_node_without_init.dir/plugins/create_node_without_init.cpp.o[0m
[158.719s] [ 37%] [32m[1mLinking CXX shared library libgazebo_ros_force_system.so[0m
[162.325s] [ 37%] Built target gazebo_ros_force_system
[163.843s] [ 39%] [32m[1mLinking CXX shared library libgazebo_ros_state.so[0m
[165.498s] [ 40%] [32mBuilding CXX object test/CMakeFiles/multiple_nodes.dir/plugins/multiple_nodes.cpp.o[0m
[167.441s] [ 40%] Built target gazebo_ros_state
[167.657s] [ 42%] [32mBuilding CXX object test/CMakeFiles/ros_world_plugin.dir/plugins/ros_world_plugin.cpp.o[0m
[168.064s] [ 43%] [32m[1mLinking CXX shared library libgazebo_ros_factory.so[0m
[171.343s] [ 43%] Built target gazebo_ros_factory
[171.481s] [ 45%] [32mBuilding CXX object test/CMakeFiles/sdf_node.dir/plugins/sdf_node.cpp.o[0m
[173.183s] [ 46%] [32m[1mLinking CXX shared library libgazebo_ros_init.so[0m
[177.383s] [ 46%] Built target gazebo_ros_init
[177.534s] [ 48%] [32mBuilding CXX object test/CMakeFiles/test_conversions.dir/test_conversions.cpp.o[0m
[181.503s] [ 50%] [32m[1mLinking CXX shared library libgazebo_ros_properties.so[0m
[186.005s] [ 50%] Built target gazebo_ros_properties
[190.171s] [ 51%] [32mBuilding CXX object test/CMakeFiles/test_gazebo_ros_factory.dir/test_gazebo_ros_factory.cpp.o[0m
[201.513s] [ 53%] [32m[1mLinking CXX executable test_conversions[0m
[203.166s] [ 54%] [32m[1mLinking CXX shared library libcreate_node_without_init.so[0m
[205.589s] [ 54%] Built target create_node_without_init
[206.334s] [ 54%] Built target test_conversions
[215.502s] [ 56%] [32mBuilding CXX object test/CMakeFiles/test_gazebo_ros_joint_effort.dir/test_gazebo_ros_joint_effort.cpp.o[0m
[216.631s] [ 57%] [32mBuilding CXX object test/CMakeFiles/test_gazebo_ros_init.dir/test_gazebo_ros_init.cpp.o[0m
[220.784s] [ 59%] [32m[1mLinking CXX shared library libmultiple_nodes.so[0m
[222.969s] [ 60%] [32m[1mLinking CXX shared library libros_world_plugin.so[0m
[223.106s] [ 60%] Built target multiple_nodes
[225.018s] [ 60%] Built target ros_world_plugin
[226.146s] [ 62%] [32m[1mLinking CXX shared library libsdf_node.so[0m
[227.857s] [ 62%] Built target sdf_node
[230.001s] [ 64%] [32mBuilding CXX object test/CMakeFiles/test_gazebo_ros_state.dir/test_gazebo_ros_state.cpp.o[0m
[232.089s] [ 65%] [32mBuilding CXX object test/CMakeFiles/test_gazebo_ros_properties.dir/test_gazebo_ros_properties.cpp.o[0m
[234.175s] [ 67%] [32mBuilding CXX object test/CMakeFiles/test_gazebo_ros_link_wrench.dir/test_gazebo_ros_link_wrench.cpp.o[0m
[342.348s] [ 68%] [32m[1mLinking CXX executable test_gazebo_ros_factory[0m
[352.710s] [ 68%] Built target test_gazebo_ros_factory
[362.435s] [ 70%] [32m[1mLinking CXX executable test_gazebo_ros_init[0m
[364.664s] [ 71%] [32m[1mLinking CXX executable test_gazebo_ros_joint_effort[0m
[369.513s] [ 71%] Built target test_gazebo_ros_init
[370.594s] [ 71%] Built target test_gazebo_ros_joint_effort
[374.744s] [ 73%] [32mBuilding CXX object test/CMakeFiles/test_plugins.dir/test_plugins.cpp.o[0m
[375.827s] [ 75%] [32mBuilding CXX object test/CMakeFiles/test_reject_duplicate_nodes.dir/test_reject_duplicate_nodes.cpp.o[0m
[376.919s] [ 76%] [32mBuilding CXX object test/CMakeFiles/test_node.dir/test_node.cpp.o[0m
[381.468s] [ 78%] [32m[1mLinking CXX executable test_gazebo_ros_link_wrench[0m
[387.887s] [ 78%] Built target test_gazebo_ros_link_wrench
[397.727s] [ 79%] [32m[1mLinking CXX executable test_gazebo_ros_properties[0m
[400.090s] [ 81%] [32mBuilding CXX object test/CMakeFiles/test_qos.dir/test_qos.cpp.o[0m
[405.087s] [ 81%] Built target test_gazebo_ros_properties
[405.239s] [ 82%] [32mBuilding CXX object test/CMakeFiles/test_sim_time.dir/test_sim_time.cpp.o[0m
[424.540s] [ 84%] [32m[1mLinking CXX executable test_gazebo_ros_state[0m
[425.571s] [ 85%] [32m[1mLinking CXX executable test_qos[0m
[427.904s] [ 87%] [32m[1mLinking CXX executable test_node[0m
[428.473s] [ 89%] [32m[1mLinking CXX executable test_reject_duplicate_nodes[0m
[429.827s] [ 89%] Built target test_qos
[432.130s] [ 89%] Built target test_node
[432.620s] [ 89%] Built target test_reject_duplicate_nodes
[432.724s] [ 89%] Built target test_gazebo_ros_state
[434.948s] [ 90%] [32m[1mLinking CXX executable test_plugins[0m
[437.696s] [ 90%] Built target test_plugins
[437.811s] [ 92%] [32mBuilding CXX object CMakeFiles/gazebo_ros_eol_gui.dir/gazebo_ros_eol_gui_autogen/mocs_compilation.cpp.o[0m
[437.815s] [ 93%] [32mBuilding CXX object CMakeFiles/gazebo_ros_eol_gui.dir/src/gazebo_ros_eol_gui.cpp.o[0m
[456.011s] [ 95%] [32m[1mLinking CXX executable test_sim_time[0m
[458.593s] [ 95%] Built target test_sim_time
[458.707s] [ 96%] [32mBuilding CXX object test/CMakeFiles/test_utils.dir/test_utils.cpp.o[0m
[492.704s] [ 98%] [32m[1mLinking CXX shared library libgazebo_ros_eol_gui.so[0m
[496.220s] [ 98%] Built target gazebo_ros_eol_gui
[504.034s] [100%] [32m[1mLinking CXX executable test_utils[0m
[507.616s] [100%] Built target test_utils
[507.692s] Invoked command in '/opt/ros/gazebo_ros_build/build/gazebo_ros' returned '0': AMENT_PREFIX_PATH=/opt/ros/gazebo_ros_build/install:${AMENT_PREFIX_PATH} CMAKE_PREFIX_PATH=/opt/ros/gazebo_ros_build/install:/opt/ros/humble LD_LIBRARY_PATH=/opt/ros/gazebo_ros_build/install/lib:${LD_LIBRARY_PATH} PYTHONPATH=/opt/ros/gazebo_ros_build/install/local/lib/python3.10/dist-packages:${PYTHONPATH} /usr/bin/cmake --build /opt/ros/gazebo_ros_build/build/gazebo_ros -- -j6 -l6
[507.710s] Invoking command in '/opt/ros/gazebo_ros_build/build/gazebo_ros': AMENT_PREFIX_PATH=/opt/ros/gazebo_ros_build/install:${AMENT_PREFIX_PATH} CMAKE_PREFIX_PATH=/opt/ros/gazebo_ros_build/install:/opt/ros/humble LD_LIBRARY_PATH=/opt/ros/gazebo_ros_build/install/lib:${LD_LIBRARY_PATH} PYTHONPATH=/opt/ros/gazebo_ros_build/install/local/lib/python3.10/dist-packages:${PYTHONPATH} /usr/bin/cmake --install /opt/ros/gazebo_ros_build/build/gazebo_ros
[507.750s] -- Install configuration: ""
[507.753s] -- Installing: /opt/ros/gazebo_ros_build/install/share/gazebo_ros/environment/pythonpath.sh
[507.754s] -- Installing: /opt/ros/gazebo_ros_build/install/share/gazebo_ros/environment/pythonpath.dsv
[507.757s] -- Installing: /opt/ros/gazebo_ros_build/install/local/lib/python3.10/dist-packages/scripts-3.9.0-py3.10.egg-info
[507.758s] -- Installing: /opt/ros/gazebo_ros_build/install/local/lib/python3.10/dist-packages/scripts-3.9.0-py3.10.egg-info/dependency_links.txt
[507.759s] -- Installing: /opt/ros/gazebo_ros_build/install/local/lib/python3.10/dist-packages/scripts-3.9.0-py3.10.egg-info/top_level.txt
[507.761s] -- Installing: /opt/ros/gazebo_ros_build/install/local/lib/python3.10/dist-packages/scripts-3.9.0-py3.10.egg-info/SOURCES.txt
[507.762s] -- Installing: /opt/ros/gazebo_ros_build/install/local/lib/python3.10/dist-packages/scripts-3.9.0-py3.10.egg-info/PKG-INFO
[507.764s] -- Installing: /opt/ros/gazebo_ros_build/install/local/lib/python3.10/dist-packages/scripts
[507.765s] -- Installing: /opt/ros/gazebo_ros_build/install/local/lib/python3.10/dist-packages/scripts/spawn_entity.py
[507.767s] -- Installing: /opt/ros/gazebo_ros_build/install/local/lib/python3.10/dist-packages/scripts/gazebo_ros_paths.py
[507.768s] -- Installing: /opt/ros/gazebo_ros_build/install/local/lib/python3.10/dist-packages/scripts/__init__.py
[508.036s] Listing '/opt/ros/gazebo_ros_build/install/local/lib/python3.10/dist-packages/scripts'...
[508.036s] Compiling '/opt/ros/gazebo_ros_build/install/local/lib/python3.10/dist-packages/scripts/__init__.py'...
[508.037s] Compiling '/opt/ros/gazebo_ros_build/install/local/lib/python3.10/dist-packages/scripts/gazebo_ros_paths.py'...
[508.037s] Compiling '/opt/ros/gazebo_ros_build/install/local/lib/python3.10/dist-packages/scripts/spawn_entity.py'...
[508.058s] -- Installing: /opt/ros/gazebo_ros_build/install/share/gazebo_ros/environment/library_path.sh
[508.060s] -- Installing: /opt/ros/gazebo_ros_build/install/share/gazebo_ros/environment/library_path.dsv
[508.063s] -- Installing: /opt/ros/gazebo_ros_build/install/share/ament_index/resource_index/package_run_dependencies/gazebo_ros
[508.064s] -- Installing: /opt/ros/gazebo_ros_build/install/share/ament_index/resource_index/parent_prefix_path/gazebo_ros
[508.071s] -- Installing: /opt/ros/gazebo_ros_build/install/share/gazebo_ros/environment/ament_prefix_path.sh
[508.072s] -- Installing: /opt/ros/gazebo_ros_build/install/share/gazebo_ros/environment/ament_prefix_path.dsv
[508.074s] -- Installing: /opt/ros/gazebo_ros_build/install/share/gazebo_ros/environment/path.sh
[508.076s] -- Installing: /opt/ros/gazebo_ros_build/install/share/gazebo_ros/environment/path.dsv
[508.077s] -- Installing: /opt/ros/gazebo_ros_build/install/share/gazebo_ros/local_setup.bash
[508.079s] -- Installing: /opt/ros/gazebo_ros_build/install/share/gazebo_ros/local_setup.sh
[508.082s] -- Installing: /opt/ros/gazebo_ros_build/install/share/gazebo_ros/local_setup.zsh
[508.084s] -- Installing: /opt/ros/gazebo_ros_build/install/share/gazebo_ros/local_setup.dsv
[508.085s] -- Installing: /opt/ros/gazebo_ros_build/install/share/gazebo_ros/package.dsv
[508.087s] -- Installing: /opt/ros/gazebo_ros_build/install/share/ament_index/resource_index/packages/gazebo_ros
[508.088s] -- Installing: /opt/ros/gazebo_ros_build/install/share/gazebo_ros/cmake/ament_cmake_export_libraries-extras.cmake
[508.090s] -- Installing: /opt/ros/gazebo_ros_build/install/share/gazebo_ros/cmake/ament_cmake_export_include_directories-extras.cmake
[508.092s] -- Installing: /opt/ros/gazebo_ros_build/install/share/gazebo_ros/cmake/ament_cmake_export_dependencies-extras.cmake
[508.093s] -- Installing: /opt/ros/gazebo_ros_build/install/share/gazebo_ros/cmake/gazebo_rosConfig.cmake
[508.094s] -- Installing: /opt/ros/gazebo_ros_build/install/share/gazebo_ros/cmake/gazebo_rosConfig-version.cmake
[508.096s] -- Installing: /opt/ros/gazebo_ros_build/install/share/gazebo_ros/package.xml
[508.097s] -- Up-to-date: /opt/ros/gazebo_ros_build/install/include
[508.098s] -- Installing: /opt/ros/gazebo_ros_build/install/include/gazebo_ros
[508.098s] -- Installing: /opt/ros/gazebo_ros_build/install/include/gazebo_ros/gazebo_ros_properties.hpp
[508.100s] -- Installing: /opt/ros/gazebo_ros_build/install/include/gazebo_ros/utils_visibility_control.h
[508.101s] -- Installing: /opt/ros/gazebo_ros_build/install/include/gazebo_ros/gazebo_ros_init.hpp
[508.102s] -- Installing: /opt/ros/gazebo_ros_build/install/include/gazebo_ros/gazebo_ros_state.hpp
[508.103s] -- Installing: /opt/ros/gazebo_ros_build/install/include/gazebo_ros/qos.hpp
[508.104s] -- Installing: /opt/ros/gazebo_ros_build/install/include/gazebo_ros/executor.hpp
[508.105s] -- Installing: /opt/ros/gazebo_ros_build/install/include/gazebo_ros/node.hpp
[508.106s] -- Installing: /opt/ros/gazebo_ros_build/install/include/gazebo_ros/node_visibility_control.h
[508.106s] -- Installing: /opt/ros/gazebo_ros_build/install/include/gazebo_ros/conversions
[508.108s] -- Installing: /opt/ros/gazebo_ros_build/install/include/gazebo_ros/conversions/generic.hpp
[508.109s] -- Installing: /opt/ros/gazebo_ros_build/install/include/gazebo_ros/conversions/builtin_interfaces.hpp
[508.110s] -- Installing: /opt/ros/gazebo_ros_build/install/include/gazebo_ros/conversions/gazebo_msgs.hpp
[508.111s] -- Installing: /opt/ros/gazebo_ros_build/install/include/gazebo_ros/conversions/sensor_msgs.hpp
[508.113s] -- Installing: /opt/ros/gazebo_ros_build/install/include/gazebo_ros/conversions/geometry_msgs.hpp
[508.114s] -- Installing: /opt/ros/gazebo_ros_build/install/include/gazebo_ros/gazebo_ros_factory.hpp
[508.115s] -- Installing: /opt/ros/gazebo_ros_build/install/include/gazebo_ros/gazebo_ros_force_system.hpp
[508.117s] -- Installing: /opt/ros/gazebo_ros_build/install/include/gazebo_ros/utils.hpp
[508.118s] -- Installing: /opt/ros/gazebo_ros_build/install/include/gazebo_ros/testing_utils.hpp
[508.119s] -- Installing: /opt/ros/gazebo_ros_build/install/lib/gazebo_ros/gazebo_ros_paths.py
[508.120s] -- Installing: /opt/ros/gazebo_ros_build/install/lib/libgazebo_ros_factory.so
[508.165s] -- Set runtime path of "/opt/ros/gazebo_ros_build/install/lib/libgazebo_ros_factory.so" to ""
[508.166s] -- Installing: /opt/ros/gazebo_ros_build/install/lib/libgazebo_ros_force_system.so
[508.214s] -- Set runtime path of "/opt/ros/gazebo_ros_build/install/lib/libgazebo_ros_force_system.so" to ""
[508.215s] -- Installing: /opt/ros/gazebo_ros_build/install/lib/libgazebo_ros_init.so
[508.261s] -- Set runtime path of "/opt/ros/gazebo_ros_build/install/lib/libgazebo_ros_init.so" to ""
[508.262s] -- Installing: /opt/ros/gazebo_ros_build/install/lib/libgazebo_ros_node.so
[508.290s] -- Set runtime path of "/opt/ros/gazebo_ros_build/install/lib/libgazebo_ros_node.so" to ""
[508.291s] -- Installing: /opt/ros/gazebo_ros_build/install/lib/libgazebo_ros_properties.so
[508.356s] -- Set runtime path of "/opt/ros/gazebo_ros_build/install/lib/libgazebo_ros_properties.so" to ""
[508.357s] -- Installing: /opt/ros/gazebo_ros_build/install/lib/libgazebo_ros_state.so
[508.407s] -- Set runtime path of "/opt/ros/gazebo_ros_build/install/lib/libgazebo_ros_state.so" to ""
[508.408s] -- Installing: /opt/ros/gazebo_ros_build/install/lib/libgazebo_ros_utils.so
[508.424s] -- Set runtime path of "/opt/ros/gazebo_ros_build/install/lib/libgazebo_ros_utils.so" to ""
[508.425s] -- Installing: /opt/ros/gazebo_ros_build/install/lib/libgazebo_ros_eol_gui.so
[508.439s] -- Set runtime path of "/opt/ros/gazebo_ros_build/install/lib/libgazebo_ros_eol_gui.so" to ""
[508.440s] -- Installing: /opt/ros/gazebo_ros_build/install/lib/gazebo_ros/spawn_entity.py
[508.441s] -- Installing: /opt/ros/gazebo_ros_build/install/share/gazebo_ros//launch
[508.442s] -- Installing: /opt/ros/gazebo_ros_build/install/share/gazebo_ros//launch/spawn_entity_demo.launch.py
[508.443s] -- Installing: /opt/ros/gazebo_ros_build/install/share/gazebo_ros//launch/gzserver.launch.py
[508.445s] -- Installing: /opt/ros/gazebo_ros_build/install/share/gazebo_ros//launch/gzclient.launch.py
[508.446s] -- Installing: /opt/ros/gazebo_ros_build/install/share/gazebo_ros//launch/gazebo.launch.py
[508.447s] -- Installing: /opt/ros/gazebo_ros_build/install/share/gazebo_ros//worlds
[508.448s] -- Installing: /opt/ros/gazebo_ros_build/install/share/gazebo_ros//worlds/empty.world
[508.449s] -- Installing: /opt/ros/gazebo_ros_build/install/share/gazebo_ros//worlds/gazebo_ros_state_demo.world
[508.450s] -- Installing: /opt/ros/gazebo_ros_build/install/share/gazebo_ros//worlds/gazebo_ros_properties_demo.world
[508.452s] -- Installing: /opt/ros/gazebo_ros_build/install/share/gazebo_ros//worlds/gazebo_ros_force_system_demo.world
[508.472s] Invoked command in '/opt/ros/gazebo_ros_build/build/gazebo_ros' returned '0': AMENT_PREFIX_PATH=/opt/ros/gazebo_ros_build/install:${AMENT_PREFIX_PATH} CMAKE_PREFIX_PATH=/opt/ros/gazebo_ros_build/install:/opt/ros/humble LD_LIBRARY_PATH=/opt/ros/gazebo_ros_build/install/lib:${LD_LIBRARY_PATH} PYTHONPATH=/opt/ros/gazebo_ros_build/install/local/lib/python3.10/dist-packages:${PYTHONPATH} /usr/bin/cmake --install /opt/ros/gazebo_ros_build/build/gazebo_ros
