[0.089s] Invoking command in '/home/ultra/gazebo_ros/build/gazebo_plugins': AMENT_PREFIX_PATH=/home/ultra/gazebo_ros/install/gazebo_ros:/home/ultra/gazebo_ros/install/gazebo_msgs:/home/ultra/gazebo_ros/install/gazebo_dev:${AMENT_PREFIX_PATH} CMAKE_PREFIX_PATH=/home/ultra/gazebo_ros/install/gazebo_ros:/home/ultra/gazebo_ros/install/gazebo_msgs:/home/ultra/gazebo_ros/install/gazebo_dev:/home/ultra/workspace/install/laris_robot:/opt/ros/humble LD_LIBRARY_PATH=/home/ultra/gazebo_ros/install/gazebo_ros/lib:/home/ultra/gazebo_ros/install/gazebo_msgs/lib:${LD_LIBRARY_PATH} PYTHONPATH=/home/ultra/gazebo_ros/install/gazebo_ros/local/lib/python3.10/dist-packages:/home/ultra/gazebo_ros/install/gazebo_msgs/local/lib/python3.10/dist-packages:${PYTHONPATH} /usr/bin/cmake /home/ultra/gazebo_ros/src/gazebo_ros_pkgs/gazebo_plugins -DAMENT_CMAKE_SYMLINK_INSTALL=1 -DCMAKE_INSTALL_PREFIX=/home/ultra/gazebo_ros/install/gazebo_plugins
[0.422s] -- The C compiler identification is GNU 11.4.0
[0.734s] -- The CXX compiler identification is GNU 11.4.0
[0.776s] -- Detecting C compiler ABI info
[1.164s] -- Detecting C compiler ABI info - done
[1.211s] -- Check for working C compiler: /usr/bin/cc - skipped
[1.212s] -- Detecting C compile features
[1.214s] -- Detecting C compile features - done
[1.231s] -- Detecting CXX compiler ABI info
[1.671s] -- Detecting CXX compiler ABI info - done
[1.716s] -- Check for working CXX compiler: /usr/bin/c++ - skipped
[1.717s] -- Detecting CXX compile features
[1.719s] -- Detecting CXX compile features - done
[1.743s] -- Found ament_cmake: 1.3.12 (/opt/ros/humble/share/ament_cmake/cmake)
[2.578s] -- Found Python3: /usr/bin/python3 (found version "3.10.12") found components: Interpreter 
[2.948s] -- Override CMake install command with custom implementation using symlinks instead of copying resources
[3.191s] -- Found camera_info_manager: 3.1.12 (/opt/ros/humble/share/camera_info_manager/cmake)
[3.541s] -- Found rosidl_generator_c: 3.1.7 (/opt/ros/humble/share/rosidl_generator_c/cmake)
[3.582s] -- Found rosidl_adapter: 3.1.7 (/opt/ros/humble/share/rosidl_adapter/cmake)
[3.641s] -- Found rosidl_generator_cpp: 3.1.7 (/opt/ros/humble/share/rosidl_generator_cpp/cmake)
[3.726s] -- Using all available rosidl_typesupport_c: rosidl_typesupport_fastrtps_c;rosidl_typesupport_introspection_c
[3.837s] -- Using all available rosidl_typesupport_cpp: rosidl_typesupport_fastrtps_cpp;rosidl_typesupport_introspection_cpp
[4.141s] -- Found rmw_implementation_cmake: 6.1.2 (/opt/ros/humble/share/rmw_implementation_cmake/cmake)
[4.163s] -- Found rmw_fastrtps_cpp: 6.2.8 (/opt/ros/humble/share/rmw_fastrtps_cpp/cmake)
[4.700s] -- Found OpenSSL: /usr/lib/aarch64-linux-gnu/libcrypto.so (found version "3.0.2")  
[4.860s] -- Found FastRTPS: /opt/ros/humble/include  
[5.117s] -- Using RMW implementation 'rmw_fastrtps_cpp' as default
[5.185s] -- Looking for pthread.h
[5.601s] -- Looking for pthread.h - found
[5.603s] -- Performing Test CMAKE_HAVE_LIBC_PTHREAD
[6.022s] -- Performing Test CMAKE_HAVE_LIBC_PTHREAD - Success
[6.029s] -- Found Threads: TRUE  
[6.555s] -- Found gazebo_dev: 3.9.0 (/home/ultra/gazebo_ros/install/gazebo_dev/share/gazebo_dev/cmake)
[6.599s] -- Found PkgConfig: /usr/bin/pkg-config (found version "0.29.2") 
[6.605s] -- Checking for module 'bullet>=2.82'
[6.678s] --   Found bullet, version 3.05
[7.297s] -- Found fcl: /usr/include (found suitable version "0.7.0", minimum required is "0.5.0") 
[7.565s] -- Found assimp: /usr/include (found version "5.2.0") 
[7.715s] -- Found DART: /usr/include (Required is at least version "6.6") found components: dart 
[7.909s] -- Found Boost: /usr/lib/aarch64-linux-gnu/cmake/Boost-1.74.0/BoostConfig.cmake (found suitable version "1.74.0", minimum required is "1.40.0") found components: thread system filesystem program_options regex iostreams date_time 
[7.990s] -- Found Protobuf: /usr/lib/aarch64-linux-gnu/libprotobuf.so (found version "3.12.4") 
[8.035s] -- Looking for ignition-math6 -- found version 6.15.1
[8.075s] -- Searching for dependencies of ignition-math6
[8.082s] -- Looking for OGRE...
[8.084s] -- OGRE_PREFIX_WATCH changed.
[8.111s] -- Checking for module 'OGRE'
[8.180s] --   Found OGRE, version 1.9.0
[8.352s] -- Found Ogre Ghadamon (1.9.0)
[8.390s] -- Found OGRE: optimized;/usr/lib/aarch64-linux-gnu/libOgreMain.so;debug;/usr/lib/aarch64-linux-gnu/libOgreMain.so
[8.434s] -- Looking for OGRE_Paging...
[8.458s] -- Found OGRE_Paging: optimized;/usr/lib/aarch64-linux-gnu/libOgrePaging.so;debug;/usr/lib/aarch64-linux-gnu/libOgrePaging.so
[8.459s] -- Looking for OGRE_Terrain...
[8.482s] -- Found OGRE_Terrain: optimized;/usr/lib/aarch64-linux-gnu/libOgreTerrain.so;debug;/usr/lib/aarch64-linux-gnu/libOgreTerrain.so
[8.482s] -- Looking for OGRE_Property...
[8.504s] -- Found OGRE_Property: optimized;/usr/lib/aarch64-linux-gnu/libOgreProperty.so;debug;/usr/lib/aarch64-linux-gnu/libOgreProperty.so
[8.505s] -- Looking for OGRE_RTShaderSystem...
[8.526s] -- Found OGRE_RTShaderSystem: optimized;/usr/lib/aarch64-linux-gnu/libOgreRTShaderSystem.so;debug;/usr/lib/aarch64-linux-gnu/libOgreRTShaderSystem.so
[8.529s] -- Looking for OGRE_Volume...
[8.549s] -- Found OGRE_Volume: optimized;/usr/lib/aarch64-linux-gnu/libOgreVolume.so;debug;/usr/lib/aarch64-linux-gnu/libOgreVolume.so
[8.550s] -- Looking for OGRE_Overlay...
[8.572s] -- Found OGRE_Overlay: optimized;/usr/lib/aarch64-linux-gnu/libOgreOverlay.so;debug;/usr/lib/aarch64-linux-gnu/libOgreOverlay.so
[9.190s] -- Looking for ignition-math6 -- found version 6.15.1
[9.211s] -- Looking for ignition-transport8 -- found version 8.2.1
[9.213s] -- Searching for dependencies of ignition-transport8
[9.324s] -- Found Protobuf: /usr/lib/aarch64-linux-gnu/libprotobuf.so (found suitable version "3.12.4", minimum required is "3") 
[9.404s] -- Config-file not installed for ZeroMQ -- checking for pkg-config
[9.429s] -- Checking for module 'libzmq >= 4'
[9.505s] --   Found libzmq , version 4.3.4
[9.719s] -- Found ZeroMQ: TRUE (Required is at least version "4") 
[9.750s] -- Checking for module 'uuid'
[9.821s] --   Found uuid, version 2.37.2
[9.999s] -- Found UUID: TRUE  
[10.020s] -- Looking for ignition-msgs5 -- found version 5.8.1
[10.023s] -- Searching for dependencies of ignition-msgs5
[10.148s] -- Looking for ignition-math6 -- found version 6.15.1
[10.176s] -- Checking for module 'tinyxml2'
[10.248s] --   Found tinyxml2, version 9.0.0
[10.433s] -- Looking for ignition-msgs5 -- found version 5.8.1
[10.455s] -- Looking for ignition-common3 -- found version 3.14.0
[10.457s] -- Searching for dependencies of ignition-common3
[10.459s] -- Looking for dlfcn.h - found
[10.462s] -- Looking for libdl - found
[10.469s] -- Found DL: TRUE  
[10.536s] -- Found tinyobjloader: /usr/lib/aarch64-linux-gnu/cmake/tinyobjloader/tinyobjloader-config.cmake (found version "2.0.0") 
[10.539s] -- Searching for <ignition-common3> component [graphics]
[10.559s] -- Looking for ignition-common3-graphics -- found version 3.14.0
[10.562s] -- Searching for dependencies of ignition-common3-graphics
[10.564s] -- Looking for ignition-math6 -- found version 6.15.1
[10.588s] -- Looking for ignition-fuel_tools4 -- found version 4.4.0
[10.590s] -- Searching for dependencies of ignition-fuel_tools4
[11.023s] -- Found CURL: /usr/lib/aarch64-linux-gnu/libcurl.so (found version "7.81.0")  
[11.078s] -- Checking for module 'jsoncpp'
[11.151s] --   Found jsoncpp, version 1.9.5
[11.332s] -- Found JSONCPP: TRUE  
[11.363s] -- Checking for module 'libzip'
[11.435s] --   Found libzip, version 1.7.3
[11.617s] -- Found ZIP: TRUE  
[11.619s] -- Looking for ignition-common3 -- found version 3.14.0
[11.621s] -- Looking for ignition-math6 -- found version 6.15.1
[11.623s] -- Looking for ignition-msgs5 -- found version 5.8.1
[11.652s] -- Gazebo version: 11.10
[11.653s] -- Checking for module 'tbb'
[11.730s] --   Found tbb, version 2021.5.0
[11.914s] -- Found gazebo_msgs: 3.9.0 (/home/ultra/gazebo_ros/install/gazebo_msgs/share/gazebo_msgs/cmake)
[12.130s] -- Found gazebo_ros: 3.9.0 (/home/ultra/gazebo_ros/install/gazebo_ros/share/gazebo_ros/cmake)
[12.163s] -- Found image_transport: 3.1.12 (/opt/ros/humble/share/image_transport/cmake)
[12.416s] -- Found cv_bridge: 3.2.1 (/opt/ros/humble/share/cv_bridge/cmake)
[12.499s] -- Found nav_msgs: 4.9.0 (/opt/ros/humble/share/nav_msgs/cmake)
[12.610s] -- Found std_srvs: 4.9.0 (/opt/ros/humble/share/std_srvs/cmake)
[12.677s] -- Found tf2: 0.25.16 (/opt/ros/humble/share/tf2/cmake)
[12.711s] -- Found tf2_geometry_msgs: 0.25.16 (/opt/ros/humble/share/tf2_geometry_msgs/cmake)
[12.778s] -- Found eigen3_cmake_module: 0.1.1 (/opt/ros/humble/share/eigen3_cmake_module/cmake)
[12.785s] -- Found Eigen3: TRUE (found version "3.4.0") 
[12.786s] -- Ensuring Eigen3 include directory is part of orocos-kdl CMake target
[13.928s] -- Found ament_cmake_gtest: 1.3.12 (/opt/ros/humble/share/ament_cmake_gtest/cmake)
[14.000s] -- Found gtest sources under '/opt/ros/humble/src/gtest_vendor': C++ tests using 'Google Test' will be built
[14.928s] -- Found ament_lint_auto: 0.12.14 (/opt/ros/humble/share/ament_lint_auto/cmake)
[15.478s] -- Added test 'copyright' to check source files copyright and LICENSE
[15.546s] -- Added test 'cppcheck' to perform static code analysis on C / C++ code
[15.565s] -- Configured cppcheck include dirs: /home/ultra/gazebo_ros/src/gazebo_ros_pkgs/gazebo_plugins/include
[15.566s] -- Configured cppcheck exclude dirs and/or files: 
[15.577s] -- Added test 'flake8' to check Python code syntax and style conventions
[15.594s] -- Added test 'lint_cmake' to check CMake code style
[15.605s] -- Added test 'pep257' to check Python code against some of the docstring style conventions in PEP 257
[15.666s] -- Added test 'uncrustify' to check C / C++ code style
[15.667s] -- Configured uncrustify additional arguments: 
[15.677s] -- Added test 'xmllint' to check XML markup files
[15.704s] -- Configuring done
[22.524s] -- Generating done
[23.245s] -- Build files have been written to: /home/ultra/gazebo_ros/build/gazebo_plugins
[23.381s] Invoked command in '/home/ultra/gazebo_ros/build/gazebo_plugins' returned '0': AMENT_PREFIX_PATH=/home/ultra/gazebo_ros/install/gazebo_ros:/home/ultra/gazebo_ros/install/gazebo_msgs:/home/ultra/gazebo_ros/install/gazebo_dev:${AMENT_PREFIX_PATH} CMAKE_PREFIX_PATH=/home/ultra/gazebo_ros/install/gazebo_ros:/home/ultra/gazebo_ros/install/gazebo_msgs:/home/ultra/gazebo_ros/install/gazebo_dev:/home/ultra/workspace/install/laris_robot:/opt/ros/humble LD_LIBRARY_PATH=/home/ultra/gazebo_ros/install/gazebo_ros/lib:/home/ultra/gazebo_ros/install/gazebo_msgs/lib:${LD_LIBRARY_PATH} PYTHONPATH=/home/ultra/gazebo_ros/install/gazebo_ros/local/lib/python3.10/dist-packages:/home/ultra/gazebo_ros/install/gazebo_msgs/local/lib/python3.10/dist-packages:${PYTHONPATH} /usr/bin/cmake /home/ultra/gazebo_ros/src/gazebo_ros_pkgs/gazebo_plugins -DAMENT_CMAKE_SYMLINK_INSTALL=1 -DCMAKE_INSTALL_PREFIX=/home/ultra/gazebo_ros/install/gazebo_plugins
[23.396s] Invoking command in '/home/ultra/gazebo_ros/build/gazebo_plugins': AMENT_PREFIX_PATH=/home/ultra/gazebo_ros/install/gazebo_ros:/home/ultra/gazebo_ros/install/gazebo_msgs:/home/ultra/gazebo_ros/install/gazebo_dev:${AMENT_PREFIX_PATH} CMAKE_PREFIX_PATH=/home/ultra/gazebo_ros/install/gazebo_ros:/home/ultra/gazebo_ros/install/gazebo_msgs:/home/ultra/gazebo_ros/install/gazebo_dev:/home/ultra/workspace/install/laris_robot:/opt/ros/humble LD_LIBRARY_PATH=/home/ultra/gazebo_ros/install/gazebo_ros/lib:/home/ultra/gazebo_ros/install/gazebo_msgs/lib:${LD_LIBRARY_PATH} PYTHONPATH=/home/ultra/gazebo_ros/install/gazebo_ros/local/lib/python3.10/dist-packages:/home/ultra/gazebo_ros/install/gazebo_msgs/local/lib/python3.10/dist-packages:${PYTHONPATH} /usr/bin/cmake --build /home/ultra/gazebo_ros/build/gazebo_plugins -- -j6 -l6
[23.777s] [  1%] [32mBuilding CXX object CMakeFiles/gazebo_ros_joint_state_publisher.dir/src/gazebo_ros_joint_state_publisher.cpp.o[0m
[23.836s] [  2%] [32mBuilding CXX object CMakeFiles/multi_camera_plugin.dir/src/multi_camera_plugin.cpp.o[0m
[23.846s] [  3%] [32mBuilding CXX object CMakeFiles/gazebo_ros_force.dir/src/gazebo_ros_force.cpp.o[0m
[23.851s] [  4%] [32mBuilding CXX object CMakeFiles/gazebo_ros_template.dir/src/gazebo_ros_template.cpp.o[0m
[23.887s] [  5%] [32mBuilding CXX object CMakeFiles/gazebo_ros_diff_drive.dir/src/gazebo_ros_diff_drive.cpp.o[0m
[23.896s] [  6%] [32mBuilding CXX object CMakeFiles/gazebo_ros_imu_sensor.dir/src/gazebo_ros_imu_sensor.cpp.o[0m
[97.184s] [  8%] [32m[1mLinking CXX shared library libgazebo_ros_template.so[0m
[99.048s] [  8%] Built target gazebo_ros_template
[105.228s] [  9%] [32m[1mLinking CXX shared library libgazebo_ros_joint_state_publisher.so[0m
[107.509s] [  9%] Built target gazebo_ros_joint_state_publisher
[109.108s] [ 10%] [32m[1mLinking CXX shared library libgazebo_ros_imu_sensor.so[0m
[111.096s] [ 10%] Built target gazebo_ros_imu_sensor
[114.083s] [ 11%] [32m[1mLinking CXX shared library libmulti_camera_plugin.so[0m
[115.102s] [ 11%] Built target multi_camera_plugin
[123.240s] [ 12%] [32mBuilding CXX object CMakeFiles/gazebo_ros_tricycle_drive.dir/src/gazebo_ros_tricycle_drive.cpp.o[0m
[124.314s] [ 13%] [32mBuilding CXX object CMakeFiles/gazebo_ros_p3d.dir/src/gazebo_ros_p3d.cpp.o[0m
[125.396s] [ 15%] [32mBuilding CXX object CMakeFiles/gazebo_ros_ray_sensor.dir/src/gazebo_ros_ray_sensor.cpp.o[0m
[125.546s] [ 16%] [32m[1mLinking CXX shared library libgazebo_ros_force.so[0m
[126.481s] [ 17%] [32mBuilding CXX object CMakeFiles/gazebo_ros_gps_sensor.dir/src/gazebo_ros_gps_sensor.cpp.o[0m
[128.793s] [ 17%] Built target gazebo_ros_force
[128.940s] [ 18%] [32mBuilding CXX object CMakeFiles/gazebo_ros_video.dir/src/gazebo_ros_video.cpp.o[0m
[133.012s] [ 19%] [32m[1mLinking CXX shared library libgazebo_ros_diff_drive.so[0m
[137.132s] [ 19%] Built target gazebo_ros_diff_drive
[137.287s] [ 20%] [32mBuilding CXX object CMakeFiles/gazebo_ros_ft_sensor.dir/src/gazebo_ros_ft_sensor.cpp.o[0m
[216.567s] [ 22%] [32m[1mLinking CXX shared library libgazebo_ros_gps_sensor.so[0m
[219.702s] [ 22%] Built target gazebo_ros_gps_sensor
[224.096s] [ 23%] [32m[1mLinking CXX shared library libgazebo_ros_p3d.so[0m
[227.121s] [ 23%] Built target gazebo_ros_p3d
[231.268s] [ 24%] [32m[1mLinking CXX shared library libgazebo_ros_ft_sensor.so[0m
[233.912s] [ 24%] Built target gazebo_ros_ft_sensor
[241.288s] [ 25%] [32m[1mLinking CXX shared library libgazebo_ros_ray_sensor.so[0m
[244.253s] [ 25%] Built target gazebo_ros_ray_sensor
[249.407s] [ 26%] [32m[1mLinking CXX shared library libgazebo_ros_tricycle_drive.so[0m
[253.436s] [ 26%] Built target gazebo_ros_tricycle_drive
[295.376s] [ 27%] [32m[1mLinking CXX shared library libgazebo_ros_video.so[0m
[298.745s] [ 27%] Built target gazebo_ros_video
[298.862s] [ 29%] [32mBuilding CXX object CMakeFiles/gazebo_ros_elevator.dir/src/gazebo_ros_elevator.cpp.o[0m
[302.946s] [ 30%] [32mBuilding CXX object CMakeFiles/gazebo_ros_vacuum_gripper.dir/src/gazebo_ros_vacuum_gripper.cpp.o[0m
[304.020s] [ 31%] [32mBuilding CXX object CMakeFiles/gazebo_ros_ackermann_drive.dir/src/gazebo_ros_ackermann_drive.cpp.o[0m
[305.110s] [ 32%] [32mBuilding CXX object CMakeFiles/gazebo_ros_hand_of_god.dir/src/gazebo_ros_hand_of_god.cpp.o[0m
[306.321s] [ 33%] [32mBuilding CXX object CMakeFiles/gazebo_ros_harness.dir/src/gazebo_ros_harness.cpp.o[0m
[307.522s] [ 34%] [32mBuilding CXX object CMakeFiles/gazebo_ros_bumper.dir/src/gazebo_ros_bumper.cpp.o[0m
[399.383s] [ 36%] [32m[1mLinking CXX shared library libgazebo_ros_elevator.so[0m
[400.789s] [ 37%] [32m[1mLinking CXX shared library libgazebo_ros_hand_of_god.so[0m
[402.295s] [ 37%] Built target gazebo_ros_elevator
[402.390s] [ 38%] [32m[1mLinking CXX shared library libgazebo_ros_vacuum_gripper.so[0m
[403.198s] [ 38%] Built target gazebo_ros_hand_of_god
[404.690s] [ 38%] Built target gazebo_ros_vacuum_gripper
[404.777s] [ 39%] [32m[1mLinking CXX shared library libgazebo_ros_bumper.so[0m
[406.951s] [ 39%] Built target gazebo_ros_bumper
[423.093s] [ 40%] [32mBuilding CXX object CMakeFiles/gazebo_ros_wheel_slip.dir/src/gazebo_ros_wheel_slip.cpp.o[0m
[424.160s] [ 41%] [32mBuilding CXX object CMakeFiles/gazebo_ros_projector.dir/src/gazebo_ros_projector.cpp.o[0m
[425.233s] [ 43%] [32mBuilding CXX object CMakeFiles/gazebo_ros_planar_move.dir/src/gazebo_ros_planar_move.cpp.o[0m
[426.333s] [ 44%] [32mBuilding CXX object CMakeFiles/gazebo_ros_joint_pose_trajectory.dir/src/gazebo_ros_joint_pose_trajectory.cpp.o[0m
[426.981s] [ 45%] [32m[1mLinking CXX shared library libgazebo_ros_harness.so[0m
[429.591s] [ 46%] [32m[1mLinking CXX shared library libgazebo_ros_ackermann_drive.so[0m
[430.716s] [ 46%] Built target gazebo_ros_harness
[430.874s] [ 47%] [32mBuilding CXX object gtest/CMakeFiles/gtest_main.dir/src/gtest_main.cc.o[0m
[434.124s] [ 47%] Built target gazebo_ros_ackermann_drive
[434.337s] [ 48%] [32mBuilding CXX object gtest/CMakeFiles/gtest.dir/src/gtest-all.cc.o[0m
[435.794s] [ 50%] [32m[1mLinking CXX static library libgtest_main.a[0m
[435.991s] [ 50%] Built target gtest_main
[436.127s] [ 51%] [32mBuilding CXX object CMakeFiles/gazebo_ros_camera.dir/src/gazebo_ros_camera.cpp.o[0m
[451.760s] [ 52%] [32m[1mLinking CXX static library libgtest.a[0m
[452.205s] [ 52%] Built target gtest
[463.383s] [ 53%] [32mBuilding CXX object test/CMakeFiles/test_gazebo_ros_ackermann_drive.dir/test_gazebo_ros_ackermann_drive.cpp.o[0m
[522.328s] [ 54%] [32m[1mLinking CXX shared library libgazebo_ros_joint_pose_trajectory.so[0m
[525.677s] [ 54%] Built target gazebo_ros_joint_pose_trajectory
[528.823s] [ 55%] [32m[1mLinking CXX shared library libgazebo_ros_planar_move.so[0m
[531.128s] [ 56%] [32m[1mLinking CXX shared library libgazebo_ros_projector.so[0m
[532.465s] [ 56%] Built target gazebo_ros_planar_move
[534.209s] [ 56%] Built target gazebo_ros_projector
[540.142s] [ 58%] [32m[1mLinking CXX shared library libgazebo_ros_wheel_slip.so[0m
[543.340s] [ 58%] Built target gazebo_ros_wheel_slip
[543.359s] [ 59%] [32mBuilding CXX object test/CMakeFiles/test_gazebo_ros_elevator.dir/test_gazebo_ros_elevator.cpp.o[0m
[543.473s] [ 60%] [32mBuilding CXX object test/CMakeFiles/test_gazebo_ros_diff_drive.dir/test_gazebo_ros_diff_drive.cpp.o[0m
[544.577s] [ 61%] [32mBuilding CXX object test/CMakeFiles/test_gazebo_ros_force.dir/test_gazebo_ros_force.cpp.o[0m
[544.665s] [ 62%] [32mBuilding CXX object test/CMakeFiles/test_gazebo_ros_bumper.dir/test_gazebo_ros_bumper.cpp.o[0m
[592.000s] [ 63%] [32m[1mLinking CXX shared library libgazebo_ros_camera.so[0m
[596.118s] [ 63%] Built target gazebo_ros_camera
[613.318s] [ 65%] [32mBuilding CXX object test/CMakeFiles/test_gazebo_ros_ft_sensor.dir/test_gazebo_ros_ft_sensor.cpp.o[0m
[636.853s] [ 66%] [32m[1mLinking CXX executable test_gazebo_ros_ackermann_drive[0m
[645.196s] [ 66%] Built target test_gazebo_ros_ackermann_drive
[658.381s] [ 67%] [32mBuilding CXX object test/CMakeFiles/test_gazebo_ros_hand_of_god.dir/test_gazebo_ros_hand_of_god.cpp.o[0m
[682.559s] [ 68%] [32m[1mLinking CXX executable test_gazebo_ros_force[0m
[682.930s] [ 69%] [32m[1mLinking CXX executable test_gazebo_ros_elevator[0m
[689.202s] [ 69%] Built target test_gazebo_ros_elevator
[689.389s] [ 69%] Built target test_gazebo_ros_force
[693.555s] [ 70%] [32mBuilding CXX object test/CMakeFiles/test_gazebo_ros_imu_sensor.dir/test_gazebo_ros_imu_sensor.cpp.o[0m
[694.648s] [ 72%] [32mBuilding CXX object test/CMakeFiles/test_gazebo_ros_harness.dir/test_gazebo_ros_harness.cpp.o[0m
[705.185s] [ 73%] [32m[1mLinking CXX executable test_gazebo_ros_bumper[0m
[707.478s] [ 74%] [32m[1mLinking CXX executable test_gazebo_ros_diff_drive[0m
[712.494s] [ 74%] Built target test_gazebo_ros_bumper
[712.646s] [ 75%] [32mBuilding CXX object test/CMakeFiles/test_gazebo_ros_gps_sensor.dir/test_gazebo_ros_gps_sensor.cpp.o[0m
[715.146s] [ 75%] Built target test_gazebo_ros_diff_drive
[715.299s] [ 76%] [32mBuilding CXX object test/CMakeFiles/test_gazebo_ros_joint_pose_trajectory.dir/test_gazebo_ros_joint_pose_trajectory.cpp.o[0m
[785.677s] [ 77%] [32m[1mLinking CXX executable test_gazebo_ros_ft_sensor[0m
[794.754s] [ 77%] Built target test_gazebo_ros_ft_sensor
[806.788s] [ 79%] [32m[1mLinking CXX executable test_gazebo_ros_hand_of_god[0m
[808.970s] [ 80%] [32mBuilding CXX object test/CMakeFiles/test_gazebo_ros_joint_state_publisher.dir/test_gazebo_ros_joint_state_publisher.cpp.o[0m
[813.618s] [ 80%] Built target test_gazebo_ros_hand_of_god
[813.770s] [ 81%] [32mBuilding CXX object test/CMakeFiles/test_gazebo_ros_p3d.dir/test_gazebo_ros_p3d.cpp.o[0m
[841.601s] [ 82%] [32m[1mLinking CXX executable test_gazebo_ros_harness[0m
[848.715s] [ 82%] Built target test_gazebo_ros_harness
[858.780s] [ 83%] [32m[1mLinking CXX executable test_gazebo_ros_joint_pose_trajectory[0m
[858.874s] [ 84%] [32mBuilding CXX object test/CMakeFiles/test_gazebo_ros_planar_move.dir/test_gazebo_ros_planar_move.cpp.o[0m
[859.631s] [ 86%] [32m[1mLinking CXX executable test_gazebo_ros_imu_sensor[0m
[865.090s] [ 86%] Built target test_gazebo_ros_joint_pose_trajectory
[867.415s] [ 86%] Built target test_gazebo_ros_imu_sensor
[868.569s] [ 87%] [32mBuilding CXX object test/CMakeFiles/test_gazebo_ros_tricycle_drive.dir/test_gazebo_ros_tricycle_drive.cpp.o[0m
[868.650s] [ 88%] [32mBuilding CXX object test/CMakeFiles/test_gazebo_ros_ray_sensor.dir/test_gazebo_ros_ray_sensor.cpp.o[0m
[899.484s] [ 89%] [32m[1mLinking CXX executable test_gazebo_ros_gps_sensor[0m
[907.470s] [ 89%] Built target test_gazebo_ros_gps_sensor
[923.669s] [ 90%] [32mBuilding CXX object test/CMakeFiles/test_gazebo_ros_vacuum_gripper.dir/test_gazebo_ros_vacuum_gripper.cpp.o[0m
[969.311s] [ 91%] [32m[1mLinking CXX executable test_gazebo_ros_joint_state_publisher[0m
[975.254s] [ 93%] [32m[1mLinking CXX executable test_gazebo_ros_p3d[0m
[976.703s] [ 93%] Built target test_gazebo_ros_joint_state_publisher
[982.428s] [ 93%] Built target test_gazebo_ros_p3d
[1013.427s] [ 94%] [32m[1mLinking CXX executable test_gazebo_ros_planar_move[0m
[1020.059s] [ 94%] Built target test_gazebo_ros_planar_move
[1020.198s] [ 95%] [32mBuilding CXX object test/CMakeFiles/test_gazebo_ros_wheelslip.dir/test_gazebo_ros_wheelslip.cpp.o[0m
[1027.834s] [ 96%] [32m[1mLinking CXX executable test_gazebo_ros_tricycle_drive[0m
[1034.757s] [ 96%] Built target test_gazebo_ros_tricycle_drive
[1051.796s] [ 97%] [32m[1mLinking CXX executable test_gazebo_ros_vacuum_gripper[0m
[1057.010s] [ 97%] Built target test_gazebo_ros_vacuum_gripper
[1059.046s] [ 98%] [32m[1mLinking CXX executable test_gazebo_ros_ray_sensor[0m
[1067.001s] [ 98%] Built target test_gazebo_ros_ray_sensor
[1141.297s] [100%] [32m[1mLinking CXX executable test_gazebo_ros_wheelslip[0m
[1147.478s] [100%] Built target test_gazebo_ros_wheelslip
[1147.554s] Invoked command in '/home/ultra/gazebo_ros/build/gazebo_plugins' returned '0': AMENT_PREFIX_PATH=/home/ultra/gazebo_ros/install/gazebo_ros:/home/ultra/gazebo_ros/install/gazebo_msgs:/home/ultra/gazebo_ros/install/gazebo_dev:${AMENT_PREFIX_PATH} CMAKE_PREFIX_PATH=/home/ultra/gazebo_ros/install/gazebo_ros:/home/ultra/gazebo_ros/install/gazebo_msgs:/home/ultra/gazebo_ros/install/gazebo_dev:/home/ultra/workspace/install/laris_robot:/opt/ros/humble LD_LIBRARY_PATH=/home/ultra/gazebo_ros/install/gazebo_ros/lib:/home/ultra/gazebo_ros/install/gazebo_msgs/lib:${LD_LIBRARY_PATH} PYTHONPATH=/home/ultra/gazebo_ros/install/gazebo_ros/local/lib/python3.10/dist-packages:/home/ultra/gazebo_ros/install/gazebo_msgs/local/lib/python3.10/dist-packages:${PYTHONPATH} /usr/bin/cmake --build /home/ultra/gazebo_ros/build/gazebo_plugins -- -j6 -l6
[1147.567s] Invoking command in '/home/ultra/gazebo_ros/build/gazebo_plugins': AMENT_PREFIX_PATH=/home/ultra/gazebo_ros/install/gazebo_ros:/home/ultra/gazebo_ros/install/gazebo_msgs:/home/ultra/gazebo_ros/install/gazebo_dev:${AMENT_PREFIX_PATH} CMAKE_PREFIX_PATH=/home/ultra/gazebo_ros/install/gazebo_ros:/home/ultra/gazebo_ros/install/gazebo_msgs:/home/ultra/gazebo_ros/install/gazebo_dev:/home/ultra/workspace/install/laris_robot:/opt/ros/humble LD_LIBRARY_PATH=/home/ultra/gazebo_ros/install/gazebo_ros/lib:/home/ultra/gazebo_ros/install/gazebo_msgs/lib:${LD_LIBRARY_PATH} PYTHONPATH=/home/ultra/gazebo_ros/install/gazebo_ros/local/lib/python3.10/dist-packages:/home/ultra/gazebo_ros/install/gazebo_msgs/local/lib/python3.10/dist-packages:${PYTHONPATH} /usr/bin/cmake --install /home/ultra/gazebo_ros/build/gazebo_plugins
[1147.606s] -- Install configuration: ""
[1147.610s] -- Execute custom install script
[1147.612s] -- Symlinking: /home/ultra/gazebo_ros/install/gazebo_plugins/share/gazebo_plugins/environment/library_path.sh
[1147.659s] -- Symlinking: /home/ultra/gazebo_ros/install/gazebo_plugins/share/gazebo_plugins/environment/library_path.dsv
[1147.703s] -- Symlinking: /home/ultra/gazebo_ros/install/gazebo_plugins/share/gazebo_plugins/environment/gazebo_plugins.sh
[1147.749s] -- Symlinking: /home/ultra/gazebo_ros/install/gazebo_plugins/share/gazebo_plugins/environment/gazebo_plugins.dsv
[1147.795s] -- Symlinking: /home/ultra/gazebo_ros/install/gazebo_plugins/share/ament_index/resource_index/package_run_dependencies/gazebo_plugins
[1147.841s] -- Symlinking: /home/ultra/gazebo_ros/install/gazebo_plugins/share/ament_index/resource_index/parent_prefix_path/gazebo_plugins
[1147.886s] -- Symlinking: /home/ultra/gazebo_ros/install/gazebo_plugins/share/gazebo_plugins/environment/ament_prefix_path.sh
[1147.932s] -- Symlinking: /home/ultra/gazebo_ros/install/gazebo_plugins/share/gazebo_plugins/environment/ament_prefix_path.dsv
[1147.978s] -- Symlinking: /home/ultra/gazebo_ros/install/gazebo_plugins/share/gazebo_plugins/environment/path.sh
[1148.023s] -- Symlinking: /home/ultra/gazebo_ros/install/gazebo_plugins/share/gazebo_plugins/environment/path.dsv
[1148.069s] -- Symlinking: /home/ultra/gazebo_ros/install/gazebo_plugins/share/gazebo_plugins/local_setup.bash
[1148.114s] -- Symlinking: /home/ultra/gazebo_ros/install/gazebo_plugins/share/gazebo_plugins/local_setup.sh
[1148.160s] -- Symlinking: /home/ultra/gazebo_ros/install/gazebo_plugins/share/gazebo_plugins/local_setup.zsh
[1148.204s] -- Symlinking: /home/ultra/gazebo_ros/install/gazebo_plugins/share/gazebo_plugins/local_setup.dsv
[1148.250s] -- Symlinking: /home/ultra/gazebo_ros/install/gazebo_plugins/share/gazebo_plugins/package.dsv
[1148.297s] -- Symlinking: /home/ultra/gazebo_ros/install/gazebo_plugins/share/ament_index/resource_index/packages/gazebo_plugins
[1148.345s] -- Symlinking: /home/ultra/gazebo_ros/install/gazebo_plugins/share/gazebo_plugins/cmake/ament_cmake_export_libraries-extras.cmake
[1148.390s] -- Symlinking: /home/ultra/gazebo_ros/install/gazebo_plugins/share/gazebo_plugins/cmake/ament_cmake_export_include_directories-extras.cmake
[1148.435s] -- Symlinking: /home/ultra/gazebo_ros/install/gazebo_plugins/share/gazebo_plugins/cmake/ament_cmake_export_dependencies-extras.cmake
[1148.480s] -- Symlinking: /home/ultra/gazebo_ros/install/gazebo_plugins/share/gazebo_plugins/cmake/gazebo_pluginsConfig.cmake
[1148.527s] -- Symlinking: /home/ultra/gazebo_ros/install/gazebo_plugins/share/gazebo_plugins/cmake/gazebo_pluginsConfig-version.cmake
[1148.574s] -- Symlinking: /home/ultra/gazebo_ros/install/gazebo_plugins/share/gazebo_plugins/package.xml
[1148.625s] -- Symlinking: /home/ultra/gazebo_ros/install/gazebo_plugins/include/gazebo_plugins/gazebo_ros_ackermann_drive.hpp
[1148.668s] -- Symlinking: /home/ultra/gazebo_ros/install/gazebo_plugins/include/gazebo_plugins/gazebo_ros_bumper.hpp
[1148.713s] -- Symlinking: /home/ultra/gazebo_ros/install/gazebo_plugins/include/gazebo_plugins/gazebo_ros_camera.hpp
[1148.757s] -- Symlinking: /home/ultra/gazebo_ros/install/gazebo_plugins/include/gazebo_plugins/gazebo_ros_diff_drive.hpp
[1148.800s] -- Symlinking: /home/ultra/gazebo_ros/install/gazebo_plugins/include/gazebo_plugins/gazebo_ros_elevator.hpp
[1148.845s] -- Symlinking: /home/ultra/gazebo_ros/install/gazebo_plugins/include/gazebo_plugins/gazebo_ros_force.hpp
[1148.891s] -- Symlinking: /home/ultra/gazebo_ros/install/gazebo_plugins/include/gazebo_plugins/gazebo_ros_ft_sensor.hpp
[1148.935s] -- Symlinking: /home/ultra/gazebo_ros/install/gazebo_plugins/include/gazebo_plugins/gazebo_ros_gps_sensor.hpp
[1148.980s] -- Symlinking: /home/ultra/gazebo_ros/install/gazebo_plugins/include/gazebo_plugins/gazebo_ros_hand_of_god.hpp
[1149.024s] -- Symlinking: /home/ultra/gazebo_ros/install/gazebo_plugins/include/gazebo_plugins/gazebo_ros_harness.hpp
[1149.068s] -- Symlinking: /home/ultra/gazebo_ros/install/gazebo_plugins/include/gazebo_plugins/gazebo_ros_imu_sensor.hpp
[1149.112s] -- Symlinking: /home/ultra/gazebo_ros/install/gazebo_plugins/include/gazebo_plugins/gazebo_ros_joint_pose_trajectory.hpp
[1149.157s] -- Symlinking: /home/ultra/gazebo_ros/install/gazebo_plugins/include/gazebo_plugins/gazebo_ros_joint_state_publisher.hpp
[1149.201s] -- Symlinking: /home/ultra/gazebo_ros/install/gazebo_plugins/include/gazebo_plugins/gazebo_ros_p3d.hpp
[1149.246s] -- Symlinking: /home/ultra/gazebo_ros/install/gazebo_plugins/include/gazebo_plugins/gazebo_ros_planar_move.hpp
[1149.289s] -- Symlinking: /home/ultra/gazebo_ros/install/gazebo_plugins/include/gazebo_plugins/gazebo_ros_projector.hpp
[1149.332s] -- Symlinking: /home/ultra/gazebo_ros/install/gazebo_plugins/include/gazebo_plugins/gazebo_ros_ray_sensor.hpp
[1149.376s] -- Symlinking: /home/ultra/gazebo_ros/install/gazebo_plugins/include/gazebo_plugins/gazebo_ros_template.hpp
[1149.420s] -- Symlinking: /home/ultra/gazebo_ros/install/gazebo_plugins/include/gazebo_plugins/gazebo_ros_tricycle_drive.hpp
[1149.465s] -- Symlinking: /home/ultra/gazebo_ros/install/gazebo_plugins/include/gazebo_plugins/gazebo_ros_vacuum_gripper.hpp
[1149.509s] -- Symlinking: /home/ultra/gazebo_ros/install/gazebo_plugins/include/gazebo_plugins/gazebo_ros_video.hpp
[1149.554s] -- Symlinking: /home/ultra/gazebo_ros/install/gazebo_plugins/include/gazebo_plugins/gazebo_ros_wheel_slip.hpp
[1149.599s] -- Symlinking: /home/ultra/gazebo_ros/install/gazebo_plugins/include/gazebo_plugins/multi_camera_plugin.hpp
[1149.645s] -- Symlinking: /home/ultra/gazebo_ros/install/gazebo_plugins/lib/libgazebo_ros_ackermann_drive.so
[1149.689s] -- Symlinking: /home/ultra/gazebo_ros/install/gazebo_plugins/lib/libgazebo_ros_bumper.so
[1149.735s] -- Symlinking: /home/ultra/gazebo_ros/install/gazebo_plugins/lib/libgazebo_ros_camera.so
[1149.778s] -- Symlinking: /home/ultra/gazebo_ros/install/gazebo_plugins/lib/libgazebo_ros_diff_drive.so
[1149.822s] -- Symlinking: /home/ultra/gazebo_ros/install/gazebo_plugins/lib/libgazebo_ros_elevator.so
[1149.866s] -- Symlinking: /home/ultra/gazebo_ros/install/gazebo_plugins/lib/libgazebo_ros_force.so
[1149.910s] -- Symlinking: /home/ultra/gazebo_ros/install/gazebo_plugins/lib/libgazebo_ros_ft_sensor.so
[1149.954s] -- Symlinking: /home/ultra/gazebo_ros/install/gazebo_plugins/lib/libgazebo_ros_hand_of_god.so
[1149.997s] -- Symlinking: /home/ultra/gazebo_ros/install/gazebo_plugins/lib/libgazebo_ros_harness.so
[1150.041s] -- Symlinking: /home/ultra/gazebo_ros/install/gazebo_plugins/lib/libgazebo_ros_imu_sensor.so
[1150.086s] -- Symlinking: /home/ultra/gazebo_ros/install/gazebo_plugins/lib/libgazebo_ros_gps_sensor.so
[1150.131s] -- Symlinking: /home/ultra/gazebo_ros/install/gazebo_plugins/lib/libgazebo_ros_joint_pose_trajectory.so
[1150.175s] -- Symlinking: /home/ultra/gazebo_ros/install/gazebo_plugins/lib/libgazebo_ros_joint_state_publisher.so
[1150.219s] -- Symlinking: /home/ultra/gazebo_ros/install/gazebo_plugins/lib/libgazebo_ros_planar_move.so
[1150.265s] -- Symlinking: /home/ultra/gazebo_ros/install/gazebo_plugins/lib/libgazebo_ros_projector.so
[1150.309s] -- Symlinking: /home/ultra/gazebo_ros/install/gazebo_plugins/lib/libgazebo_ros_ray_sensor.so
[1150.353s] -- Symlinking: /home/ultra/gazebo_ros/install/gazebo_plugins/lib/libgazebo_ros_p3d.so
[1150.398s] -- Symlinking: /home/ultra/gazebo_ros/install/gazebo_plugins/lib/libgazebo_ros_template.so
[1150.442s] -- Symlinking: /home/ultra/gazebo_ros/install/gazebo_plugins/lib/libgazebo_ros_tricycle_drive.so
[1150.486s] -- Symlinking: /home/ultra/gazebo_ros/install/gazebo_plugins/lib/libgazebo_ros_vacuum_gripper.so
[1150.531s] -- Symlinking: /home/ultra/gazebo_ros/install/gazebo_plugins/lib/libgazebo_ros_video.so
[1150.576s] -- Symlinking: /home/ultra/gazebo_ros/install/gazebo_plugins/lib/libmulti_camera_plugin.so
[1150.622s] -- Symlinking: /home/ultra/gazebo_ros/install/gazebo_plugins/lib/libgazebo_ros_wheel_slip.so
[1150.668s] -- Symlinking: /home/ultra/gazebo_ros/install/gazebo_plugins/lib/gazebo_plugins//wheel_slip_drawbar_pull_publisher.py
[1150.717s] -- Symlinking: /home/ultra/gazebo_ros/install/gazebo_plugins/share/gazebo_plugins//worlds/gazebo_ros_ackermann_drive_demo.world
[1150.762s] -- Symlinking: /home/ultra/gazebo_ros/install/gazebo_plugins/share/gazebo_plugins//worlds/gazebo_ros_bumper_demo.world
[1150.805s] -- Symlinking: /home/ultra/gazebo_ros/install/gazebo_plugins/share/gazebo_plugins//worlds/gazebo_ros_camera_demo.world
[1150.850s] -- Symlinking: /home/ultra/gazebo_ros/install/gazebo_plugins/share/gazebo_plugins//worlds/gazebo_ros_camera_distortion_barrel_demo.world
[1150.893s] -- Symlinking: /home/ultra/gazebo_ros/install/gazebo_plugins/share/gazebo_plugins//worlds/gazebo_ros_camera_distortion_pincushion_demo.world
[1150.938s] -- Symlinking: /home/ultra/gazebo_ros/install/gazebo_plugins/share/gazebo_plugins//worlds/gazebo_ros_camera_triggered_demo.world
[1150.981s] -- Symlinking: /home/ultra/gazebo_ros/install/gazebo_plugins/share/gazebo_plugins//worlds/gazebo_ros_depth_camera_demo.world
[1151.025s] -- Symlinking: /home/ultra/gazebo_ros/install/gazebo_plugins/share/gazebo_plugins//worlds/gazebo_ros_diff_drive_demo.world
[1151.069s] -- Symlinking: /home/ultra/gazebo_ros/install/gazebo_plugins/share/gazebo_plugins//worlds/gazebo_ros_elevator_demo.world
[1151.113s] -- Symlinking: /home/ultra/gazebo_ros/install/gazebo_plugins/share/gazebo_plugins//worlds/gazebo_ros_force_demo.world
[1151.157s] -- Symlinking: /home/ultra/gazebo_ros/install/gazebo_plugins/share/gazebo_plugins//worlds/gazebo_ros_ft_sensor_demo.world
[1151.201s] -- Symlinking: /home/ultra/gazebo_ros/install/gazebo_plugins/share/gazebo_plugins//worlds/gazebo_ros_gps_sensor_demo.world
[1151.247s] -- Symlinking: /home/ultra/gazebo_ros/install/gazebo_plugins/share/gazebo_plugins//worlds/gazebo_ros_hand_of_god_demo.world
[1151.292s] -- Symlinking: /home/ultra/gazebo_ros/install/gazebo_plugins/share/gazebo_plugins//worlds/gazebo_ros_harness_demo.world
[1151.336s] -- Symlinking: /home/ultra/gazebo_ros/install/gazebo_plugins/share/gazebo_plugins//worlds/gazebo_ros_joint_pose_trajectory_demo.world
[1151.381s] -- Symlinking: /home/ultra/gazebo_ros/install/gazebo_plugins/share/gazebo_plugins//worlds/gazebo_ros_joint_state_publisher_demo.world
[1151.425s] -- Symlinking: /home/ultra/gazebo_ros/install/gazebo_plugins/share/gazebo_plugins//worlds/gazebo_ros_multi_camera_demo.world
[1151.470s] -- Symlinking: /home/ultra/gazebo_ros/install/gazebo_plugins/share/gazebo_plugins//worlds/gazebo_ros_multicamera_demo.world
[1151.514s] -- Symlinking: /home/ultra/gazebo_ros/install/gazebo_plugins/share/gazebo_plugins//worlds/gazebo_ros_p3d_demo.world
[1151.558s] -- Symlinking: /home/ultra/gazebo_ros/install/gazebo_plugins/share/gazebo_plugins//worlds/gazebo_ros_planar_move_demo.world
[1151.601s] -- Symlinking: /home/ultra/gazebo_ros/install/gazebo_plugins/share/gazebo_plugins//worlds/gazebo_ros_projector_demo.world
[1151.647s] -- Symlinking: /home/ultra/gazebo_ros/install/gazebo_plugins/share/gazebo_plugins//worlds/gazebo_ros_ray_sensor_demo.world
[1151.691s] -- Symlinking: /home/ultra/gazebo_ros/install/gazebo_plugins/share/gazebo_plugins//worlds/gazebo_ros_skid_steer_drive_demo.world
[1151.735s] -- Symlinking: /home/ultra/gazebo_ros/install/gazebo_plugins/share/gazebo_plugins//worlds/gazebo_ros_template_demo.world
[1151.779s] -- Symlinking: /home/ultra/gazebo_ros/install/gazebo_plugins/share/gazebo_plugins//worlds/gazebo_ros_tricycle_drive_demo.world
[1151.825s] -- Symlinking: /home/ultra/gazebo_ros/install/gazebo_plugins/share/gazebo_plugins//worlds/gazebo_ros_vacuum_gripper_demo.world
[1151.870s] -- Symlinking: /home/ultra/gazebo_ros/install/gazebo_plugins/share/gazebo_plugins//worlds/gazebo_ros_video_demo.world
[1151.914s] -- Symlinking: /home/ultra/gazebo_ros/install/gazebo_plugins/share/gazebo_plugins//worlds/gazebo_ros_wheel_slip_demo.world
[1151.958s] -- Symlinking: /home/ultra/gazebo_ros/install/gazebo_plugins/share/gazebo_plugins//worlds/gazebo_ros_wheel_slip_drawbar_pull_demo.world
[1152.018s] Invoked command in '/home/ultra/gazebo_ros/build/gazebo_plugins' returned '0': AMENT_PREFIX_PATH=/home/ultra/gazebo_ros/install/gazebo_ros:/home/ultra/gazebo_ros/install/gazebo_msgs:/home/ultra/gazebo_ros/install/gazebo_dev:${AMENT_PREFIX_PATH} CMAKE_PREFIX_PATH=/home/ultra/gazebo_ros/install/gazebo_ros:/home/ultra/gazebo_ros/install/gazebo_msgs:/home/ultra/gazebo_ros/install/gazebo_dev:/home/ultra/workspace/install/laris_robot:/opt/ros/humble LD_LIBRARY_PATH=/home/ultra/gazebo_ros/install/gazebo_ros/lib:/home/ultra/gazebo_ros/install/gazebo_msgs/lib:${LD_LIBRARY_PATH} PYTHONPATH=/home/ultra/gazebo_ros/install/gazebo_ros/local/lib/python3.10/dist-packages:/home/ultra/gazebo_ros/install/gazebo_msgs/local/lib/python3.10/dist-packages:${PYTHONPATH} /usr/bin/cmake --install /home/ultra/gazebo_ros/build/gazebo_plugins
