[0.095s] Invoking command in '/opt/ros/gazebo_ros_build/build/gazebo_plugins': AMENT_PREFIX_PATH=/opt/ros/gazebo_ros_build/install:${AMENT_PREFIX_PATH} CMAKE_PREFIX_PATH=/opt/ros/gazebo_ros_build/install:/opt/ros/humble LD_LIBRARY_PATH=/opt/ros/gazebo_ros_build/install/lib:${LD_LIBRARY_PATH} PYTHONPATH=/opt/ros/gazebo_ros_build/install/local/lib/python3.10/dist-packages:${PYTHONPATH} /usr/bin/cmake /opt/ros/gazebo_ros_build/src/gazebo_plugins -DCMAKE_INSTALL_PREFIX=/opt/ros/gazebo_ros_build/install
[0.511s] -- The C compiler identification is GNU 11.4.0
[0.833s] -- The CXX compiler identification is GNU 11.4.0
[0.883s] -- Detecting C compiler ABI info
[1.281s] -- Detecting C compiler ABI info - done
[1.329s] -- Check for working C compiler: /usr/bin/cc - skipped
[1.331s] -- Detecting C compile features
[1.334s] -- Detecting C compile features - done
[1.353s] -- Detecting CXX compiler ABI info
[1.776s] -- Detecting CXX compiler ABI info - done
[1.827s] -- Check for working CXX compiler: /usr/bin/c++ - skipped
[1.828s] -- Detecting CXX compile features
[1.831s] -- Detecting CXX compile features - done
[1.870s] -- Found ament_cmake: 1.3.12 (/opt/ros/humble/share/ament_cmake/cmake)
[2.688s] -- Found Python3: /usr/bin/python3 (found version "3.10.12") found components: Interpreter 
[3.277s] -- Found camera_info_manager: 3.1.12 (/opt/ros/humble/share/camera_info_manager/cmake)
[3.647s] -- Found rosidl_generator_c: 3.1.7 (/opt/ros/humble/share/rosidl_generator_c/cmake)
[3.686s] -- Found rosidl_adapter: 3.1.7 (/opt/ros/humble/share/rosidl_adapter/cmake)
[3.746s] -- Found rosidl_generator_cpp: 3.1.7 (/opt/ros/humble/share/rosidl_generator_cpp/cmake)
[3.844s] -- Using all available rosidl_typesupport_c: rosidl_typesupport_fastrtps_c;rosidl_typesupport_introspection_c
[3.961s] -- Using all available rosidl_typesupport_cpp: rosidl_typesupport_fastrtps_cpp;rosidl_typesupport_introspection_cpp
[4.258s] -- Found rmw_implementation_cmake: 6.1.2 (/opt/ros/humble/share/rmw_implementation_cmake/cmake)
[4.278s] -- Found rmw_fastrtps_cpp: 6.2.8 (/opt/ros/humble/share/rmw_fastrtps_cpp/cmake)
[4.827s] -- Found OpenSSL: /usr/lib/aarch64-linux-gnu/libcrypto.so (found version "3.0.2")  
[4.984s] -- Found FastRTPS: /opt/ros/humble/include  
[5.239s] -- Using RMW implementation 'rmw_fastrtps_cpp' as default
[5.310s] -- Looking for pthread.h
[5.736s] -- Looking for pthread.h - found
[5.737s] -- Performing Test CMAKE_HAVE_LIBC_PTHREAD
[6.156s] -- Performing Test CMAKE_HAVE_LIBC_PTHREAD - Success
[6.163s] -- Found Threads: TRUE  
[6.710s] -- Found gazebo_dev: 3.9.0 (/opt/ros/gazebo_ros_build/install/share/gazebo_dev/cmake)
[6.750s] -- Found PkgConfig: /usr/bin/pkg-config (found version "0.29.2") 
[6.758s] -- Checking for module 'bullet>=2.82'
[6.831s] --   Found bullet, version 3.05
[7.411s] -- Found fcl: /usr/include (found suitable version "0.7.0", minimum required is "0.5.0") 
[7.665s] -- Found assimp: /usr/include (found version "5.2.0") 
[7.809s] -- Found DART: /usr/include (Required is at least version "6.6") found components: dart 
[7.984s] -- Found Boost: /usr/lib/aarch64-linux-gnu/cmake/Boost-1.74.0/BoostConfig.cmake (found suitable version "1.74.0", minimum required is "1.40.0") found components: thread system filesystem program_options regex iostreams date_time 
[8.064s] -- Found Protobuf: /usr/lib/aarch64-linux-gnu/libprotobuf.so (found version "3.12.4") 
[8.101s] -- Looking for ignition-math6 -- found version 6.15.1
[8.144s] -- Searching for dependencies of ignition-math6
[8.153s] -- Looking for OGRE...
[8.155s] -- OGRE_PREFIX_WATCH changed.
[8.182s] -- Checking for module 'OGRE'
[8.246s] --   Found OGRE, version 1.9.0
[8.409s] -- Found Ogre Ghadamon (1.9.0)
[8.441s] -- Found OGRE: optimized;/usr/lib/aarch64-linux-gnu/libOgreMain.so;debug;/usr/lib/aarch64-linux-gnu/libOgreMain.so
[8.488s] -- Looking for OGRE_Paging...
[8.508s] -- Found OGRE_Paging: optimized;/usr/lib/aarch64-linux-gnu/libOgrePaging.so;debug;/usr/lib/aarch64-linux-gnu/libOgrePaging.so
[8.509s] -- Looking for OGRE_Terrain...
[8.527s] -- Found OGRE_Terrain: optimized;/usr/lib/aarch64-linux-gnu/libOgreTerrain.so;debug;/usr/lib/aarch64-linux-gnu/libOgreTerrain.so
[8.527s] -- Looking for OGRE_Property...
[8.546s] -- Found OGRE_Property: optimized;/usr/lib/aarch64-linux-gnu/libOgreProperty.so;debug;/usr/lib/aarch64-linux-gnu/libOgreProperty.so
[8.547s] -- Looking for OGRE_RTShaderSystem...
[8.566s] -- Found OGRE_RTShaderSystem: optimized;/usr/lib/aarch64-linux-gnu/libOgreRTShaderSystem.so;debug;/usr/lib/aarch64-linux-gnu/libOgreRTShaderSystem.so
[8.567s] -- Looking for OGRE_Volume...
[8.585s] -- Found OGRE_Volume: optimized;/usr/lib/aarch64-linux-gnu/libOgreVolume.so;debug;/usr/lib/aarch64-linux-gnu/libOgreVolume.so
[8.586s] -- Looking for OGRE_Overlay...
[8.604s] -- Found OGRE_Overlay: optimized;/usr/lib/aarch64-linux-gnu/libOgreOverlay.so;debug;/usr/lib/aarch64-linux-gnu/libOgreOverlay.so
[9.087s] -- Looking for ignition-math6 -- found version 6.15.1
[9.104s] -- Looking for ignition-transport8 -- found version 8.2.1
[9.106s] -- Searching for dependencies of ignition-transport8
[9.216s] -- Found Protobuf: /usr/lib/aarch64-linux-gnu/libprotobuf.so (found suitable version "3.12.4", minimum required is "3") 
[9.294s] -- Config-file not installed for ZeroMQ -- checking for pkg-config
[9.319s] -- Checking for module 'libzmq >= 4'
[9.397s] --   Found libzmq , version 4.3.4
[9.598s] -- Found ZeroMQ: TRUE (Required is at least version "4") 
[9.630s] -- Checking for module 'uuid'
[9.694s] --   Found uuid, version 2.37.2
[9.862s] -- Found UUID: TRUE  
[9.881s] -- Looking for ignition-msgs5 -- found version 5.8.1
[9.883s] -- Searching for dependencies of ignition-msgs5
[9.999s] -- Looking for ignition-math6 -- found version 6.15.1
[10.027s] -- Checking for module 'tinyxml2'
[10.093s] --   Found tinyxml2, version 9.0.0
[10.268s] -- Looking for ignition-msgs5 -- found version 5.8.1
[10.285s] -- Looking for ignition-common3 -- found version 3.14.0
[10.287s] -- Searching for dependencies of ignition-common3
[10.290s] -- Looking for dlfcn.h - found
[10.292s] -- Looking for libdl - found
[10.299s] -- Found DL: TRUE  
[10.361s] -- Found tinyobjloader: /usr/lib/aarch64-linux-gnu/cmake/tinyobjloader/tinyobjloader-config.cmake (found version "2.0.0") 
[10.364s] -- Searching for <ignition-common3> component [graphics]
[10.382s] -- Looking for ignition-common3-graphics -- found version 3.14.0
[10.385s] -- Searching for dependencies of ignition-common3-graphics
[10.387s] -- Looking for ignition-math6 -- found version 6.15.1
[10.408s] -- Looking for ignition-fuel_tools4 -- found version 4.4.0
[10.411s] -- Searching for dependencies of ignition-fuel_tools4
[10.828s] -- Found CURL: /usr/lib/aarch64-linux-gnu/libcurl.so (found version "7.81.0")  
[10.881s] -- Checking for module 'jsoncpp'
[10.954s] --   Found jsoncpp, version 1.9.5
[11.126s] -- Found JSONCPP: TRUE  
[11.157s] -- Checking for module 'libzip'
[11.224s] --   Found libzip, version 1.7.3
[11.397s] -- Found ZIP: TRUE  
[11.399s] -- Looking for ignition-common3 -- found version 3.14.0
[11.401s] -- Looking for ignition-math6 -- found version 6.15.1
[11.403s] -- Looking for ignition-msgs5 -- found version 5.8.1
[11.429s] -- Gazebo version: 11.10
[11.431s] -- Checking for module 'tbb'
[11.505s] --   Found tbb, version 2021.5.0
[11.679s] -- Found gazebo_msgs: 3.9.0 (/opt/ros/gazebo_ros_build/install/share/gazebo_msgs/cmake)
[11.900s] -- Found gazebo_ros: 3.9.0 (/opt/ros/gazebo_ros_build/install/share/gazebo_ros/cmake)
[11.928s] -- Found image_transport: 3.1.12 (/opt/ros/humble/share/image_transport/cmake)
[12.154s] -- Found cv_bridge: 3.2.1 (/opt/ros/humble/share/cv_bridge/cmake)
[12.232s] -- Found nav_msgs: 4.9.0 (/opt/ros/humble/share/nav_msgs/cmake)
[12.338s] -- Found std_srvs: 4.9.0 (/opt/ros/humble/share/std_srvs/cmake)
[12.410s] -- Found tf2: 0.25.16 (/opt/ros/humble/share/tf2/cmake)
[12.440s] -- Found tf2_geometry_msgs: 0.25.16 (/opt/ros/humble/share/tf2_geometry_msgs/cmake)
[12.494s] -- Found eigen3_cmake_module: 0.1.1 (/opt/ros/humble/share/eigen3_cmake_module/cmake)
[12.501s] -- Found Eigen3: TRUE (found version "3.4.0") 
[12.502s] -- Ensuring Eigen3 include directory is part of orocos-kdl CMake target
[13.519s] -- Found ament_cmake_gtest: 1.3.12 (/opt/ros/humble/share/ament_cmake_gtest/cmake)
[13.585s] -- Found gtest sources under '/opt/ros/humble/src/gtest_vendor': C++ tests using 'Google Test' will be built
[14.394s] -- Found ament_lint_auto: 0.12.14 (/opt/ros/humble/share/ament_lint_auto/cmake)
[14.936s] -- Added test 'copyright' to check source files copyright and LICENSE
[14.992s] -- Added test 'cppcheck' to perform static code analysis on C / C++ code
[15.011s] -- Configured cppcheck include dirs: /opt/ros/gazebo_ros_build/src/gazebo_plugins/include
[15.011s] -- Configured cppcheck exclude dirs and/or files: 
[15.020s] -- Added test 'flake8' to check Python code syntax and style conventions
[15.034s] -- Added test 'lint_cmake' to check CMake code style
[15.042s] -- Added test 'pep257' to check Python code against some of the docstring style conventions in PEP 257
[15.091s] -- Added test 'uncrustify' to check C / C++ code style
[15.092s] -- Configured uncrustify additional arguments: 
[15.099s] -- Added test 'xmllint' to check XML markup files
[15.116s] -- Configuring done
[20.759s] -- Generating done
[21.316s] -- Build files have been written to: /opt/ros/gazebo_ros_build/build/gazebo_plugins
[21.434s] Invoked command in '/opt/ros/gazebo_ros_build/build/gazebo_plugins' returned '0': AMENT_PREFIX_PATH=/opt/ros/gazebo_ros_build/install:${AMENT_PREFIX_PATH} CMAKE_PREFIX_PATH=/opt/ros/gazebo_ros_build/install:/opt/ros/humble LD_LIBRARY_PATH=/opt/ros/gazebo_ros_build/install/lib:${LD_LIBRARY_PATH} PYTHONPATH=/opt/ros/gazebo_ros_build/install/local/lib/python3.10/dist-packages:${PYTHONPATH} /usr/bin/cmake /opt/ros/gazebo_ros_build/src/gazebo_plugins -DCMAKE_INSTALL_PREFIX=/opt/ros/gazebo_ros_build/install
[21.444s] Invoking command in '/opt/ros/gazebo_ros_build/build/gazebo_plugins': AMENT_PREFIX_PATH=/opt/ros/gazebo_ros_build/install:${AMENT_PREFIX_PATH} CMAKE_PREFIX_PATH=/opt/ros/gazebo_ros_build/install:/opt/ros/humble LD_LIBRARY_PATH=/opt/ros/gazebo_ros_build/install/lib:${LD_LIBRARY_PATH} PYTHONPATH=/opt/ros/gazebo_ros_build/install/local/lib/python3.10/dist-packages:${PYTHONPATH} /usr/bin/cmake --build /opt/ros/gazebo_ros_build/build/gazebo_plugins -- -j6 -l6
[21.777s] [  1%] [32mBuilding CXX object CMakeFiles/gazebo_ros_joint_state_publisher.dir/src/gazebo_ros_joint_state_publisher.cpp.o[0m
[21.779s] [  2%] [32mBuilding CXX object CMakeFiles/gazebo_ros_force.dir/src/gazebo_ros_force.cpp.o[0m
[21.782s] [  4%] [32mBuilding CXX object CMakeFiles/gazebo_ros_template.dir/src/gazebo_ros_template.cpp.o[0m
[21.785s] [  3%] [32mBuilding CXX object CMakeFiles/multi_camera_plugin.dir/src/multi_camera_plugin.cpp.o[0m
[21.786s] [  5%] [32mBuilding CXX object CMakeFiles/gazebo_ros_diff_drive.dir/src/gazebo_ros_diff_drive.cpp.o[0m
[21.795s] [  6%] [32mBuilding CXX object CMakeFiles/gazebo_ros_imu_sensor.dir/src/gazebo_ros_imu_sensor.cpp.o[0m
[90.741s] [  8%] [32m[1mLinking CXX shared library libgazebo_ros_template.so[0m
[92.686s] [  8%] Built target gazebo_ros_template
[92.832s] [  9%] [32mBuilding CXX object CMakeFiles/gazebo_ros_gps_sensor.dir/src/gazebo_ros_gps_sensor.cpp.o[0m
[99.098s] [ 10%] [32m[1mLinking CXX shared library libgazebo_ros_joint_state_publisher.so[0m
[101.751s] [ 10%] Built target gazebo_ros_joint_state_publisher
[103.370s] [ 11%] [32m[1mLinking CXX shared library libgazebo_ros_imu_sensor.so[0m
[105.761s] [ 11%] Built target gazebo_ros_imu_sensor
[108.832s] [ 12%] [32m[1mLinking CXX shared library libmulti_camera_plugin.so[0m
[110.017s] [ 12%] Built target multi_camera_plugin
[112.159s] [ 13%] [32mBuilding CXX object CMakeFiles/gazebo_ros_tricycle_drive.dir/src/gazebo_ros_tricycle_drive.cpp.o[0m
[114.249s] [ 15%] [32mBuilding CXX object CMakeFiles/gazebo_ros_p3d.dir/src/gazebo_ros_p3d.cpp.o[0m
[116.379s] [ 16%] [32mBuilding CXX object CMakeFiles/gazebo_ros_ray_sensor.dir/src/gazebo_ros_ray_sensor.cpp.o[0m
[117.197s] [ 17%] [32m[1mLinking CXX shared library libgazebo_ros_force.so[0m
[120.576s] [ 17%] Built target gazebo_ros_force
[120.739s] [ 18%] [32mBuilding CXX object CMakeFiles/gazebo_ros_video.dir/src/gazebo_ros_video.cpp.o[0m
[128.635s] [ 19%] [32m[1mLinking CXX shared library libgazebo_ros_diff_drive.so[0m
[133.189s] [ 19%] Built target gazebo_ros_diff_drive
[133.327s] [ 20%] [32mBuilding CXX object CMakeFiles/gazebo_ros_ft_sensor.dir/src/gazebo_ros_ft_sensor.cpp.o[0m
[170.436s] [ 22%] [32m[1mLinking CXX shared library libgazebo_ros_gps_sensor.so[0m
[173.242s] [ 22%] Built target gazebo_ros_gps_sensor
[176.439s] [ 23%] [32mBuilding CXX object CMakeFiles/gazebo_ros_bumper.dir/src/gazebo_ros_bumper.cpp.o[0m
[200.690s] [ 24%] [32m[1mLinking CXX shared library libgazebo_ros_p3d.so[0m
[204.351s] [ 24%] Built target gazebo_ros_p3d
[211.994s] [ 25%] [32m[1mLinking CXX shared library libgazebo_ros_ft_sensor.so[0m
[214.489s] [ 25%] Built target gazebo_ros_ft_sensor
[216.043s] [ 26%] [32m[1mLinking CXX shared library libgazebo_ros_ray_sensor.so[0m
[219.158s] [ 26%] Built target gazebo_ros_ray_sensor
[222.289s] [ 27%] [32m[1mLinking CXX shared library libgazebo_ros_tricycle_drive.so[0m
[226.094s] [ 27%] Built target gazebo_ros_tricycle_drive
[227.207s] [ 29%] [32mBuilding CXX object CMakeFiles/gazebo_ros_elevator.dir/src/gazebo_ros_elevator.cpp.o[0m
[228.285s] [ 30%] [32mBuilding CXX object CMakeFiles/gazebo_ros_ackermann_drive.dir/src/gazebo_ros_ackermann_drive.cpp.o[0m
[229.366s] [ 31%] [32mBuilding CXX object CMakeFiles/gazebo_ros_hand_of_god.dir/src/gazebo_ros_hand_of_god.cpp.o[0m
[230.459s] [ 32%] [32mBuilding CXX object CMakeFiles/gazebo_ros_harness.dir/src/gazebo_ros_harness.cpp.o[0m
[257.948s] [ 33%] [32m[1mLinking CXX shared library libgazebo_ros_bumper.so[0m
[261.069s] [ 33%] Built target gazebo_ros_bumper
[273.417s] [ 34%] [32m[1mLinking CXX shared library libgazebo_ros_video.so[0m
[277.537s] [ 34%] Built target gazebo_ros_video
[291.705s] [ 36%] [32mBuilding CXX object CMakeFiles/gazebo_ros_joint_pose_trajectory.dir/src/gazebo_ros_joint_pose_trajectory.cpp.o[0m
[292.825s] [ 37%] [32mBuilding CXX object CMakeFiles/gazebo_ros_vacuum_gripper.dir/src/gazebo_ros_vacuum_gripper.cpp.o[0m
[307.735s] [ 38%] [32m[1mLinking CXX shared library libgazebo_ros_elevator.so[0m
[311.283s] [ 38%] Built target gazebo_ros_elevator
[311.437s] [ 39%] [32mBuilding CXX object CMakeFiles/gazebo_ros_planar_move.dir/src/gazebo_ros_planar_move.cpp.o[0m
[311.543s] [ 40%] [32m[1mLinking CXX shared library libgazebo_ros_hand_of_god.so[0m
[314.627s] [ 40%] Built target gazebo_ros_hand_of_god
[314.925s] [ 41%] [32mBuilding CXX object CMakeFiles/gazebo_ros_projector.dir/src/gazebo_ros_projector.cpp.o[0m
[341.872s] [ 43%] [32m[1mLinking CXX shared library libgazebo_ros_harness.so[0m
[345.205s] [ 44%] [32m[1mLinking CXX shared library libgazebo_ros_ackermann_drive.so[0m
[346.031s] [ 44%] Built target gazebo_ros_harness
[349.518s] [ 44%] Built target gazebo_ros_ackermann_drive
[373.991s] [ 45%] [32m[1mLinking CXX shared library libgazebo_ros_vacuum_gripper.so[0m
[376.475s] [ 45%] Built target gazebo_ros_vacuum_gripper
[390.353s] [ 46%] [32m[1mLinking CXX shared library libgazebo_ros_joint_pose_trajectory.so[0m
[393.567s] [ 46%] Built target gazebo_ros_joint_pose_trajectory
[393.687s] [ 47%] [32mBuilding CXX object gtest/CMakeFiles/gtest.dir/src/gtest-all.cc.o[0m
[393.689s] [ 48%] [32mBuilding CXX object gtest/CMakeFiles/gtest_main.dir/src/gtest_main.cc.o[0m
[397.266s] [ 50%] [32m[1mLinking CXX static library libgtest_main.a[0m
[397.469s] [ 50%] Built target gtest_main
[397.621s] [ 51%] [32mBuilding CXX object CMakeFiles/gazebo_ros_camera.dir/src/gazebo_ros_camera.cpp.o[0m
[397.625s] [ 52%] [32mBuilding CXX object CMakeFiles/gazebo_ros_wheel_slip.dir/src/gazebo_ros_wheel_slip.cpp.o[0m
[408.287s] [ 53%] [32m[1mLinking CXX shared library libgazebo_ros_planar_move.so[0m
[409.661s] [ 54%] [32m[1mLinking CXX static library libgtest.a[0m
[410.149s] [ 54%] Built target gtest
[410.324s] [ 55%] [32mBuilding CXX object test/CMakeFiles/test_gazebo_ros_ackermann_drive.dir/test_gazebo_ros_ackermann_drive.cpp.o[0m
[410.327s] [ 56%] [32mBuilding CXX object test/CMakeFiles/test_gazebo_ros_bumper.dir/test_gazebo_ros_bumper.cpp.o[0m
[412.366s] [ 56%] Built target gazebo_ros_planar_move
[412.500s] [ 58%] [32mBuilding CXX object test/CMakeFiles/test_gazebo_ros_diff_drive.dir/test_gazebo_ros_diff_drive.cpp.o[0m
[417.060s] [ 59%] [32m[1mLinking CXX shared library libgazebo_ros_projector.so[0m
[420.703s] [ 59%] Built target gazebo_ros_projector
[420.843s] [ 60%] [32mBuilding CXX object test/CMakeFiles/test_gazebo_ros_elevator.dir/test_gazebo_ros_elevator.cpp.o[0m
[523.469s] [ 61%] [32m[1mLinking CXX shared library libgazebo_ros_wheel_slip.so[0m
[527.573s] [ 61%] Built target gazebo_ros_wheel_slip
[546.784s] [ 62%] [32mBuilding CXX object test/CMakeFiles/test_gazebo_ros_force.dir/test_gazebo_ros_force.cpp.o[0m
[555.584s] [ 63%] [32m[1mLinking CXX shared library libgazebo_ros_camera.so[0m
[560.602s] [ 63%] Built target gazebo_ros_camera
[564.100s] [ 65%] [32m[1mLinking CXX executable test_gazebo_ros_elevator[0m
[570.867s] [ 65%] Built target test_gazebo_ros_elevator
[572.734s] [ 66%] [32m[1mLinking CXX executable test_gazebo_ros_bumper[0m
[575.341s] [ 67%] [32m[1mLinking CXX executable test_gazebo_ros_diff_drive[0m
[580.237s] [ 67%] Built target test_gazebo_ros_bumper
[582.380s] [ 68%] [32mBuilding CXX object test/CMakeFiles/test_gazebo_ros_harness.dir/test_gazebo_ros_harness.cpp.o[0m
[583.013s] [ 68%] Built target test_gazebo_ros_diff_drive
[583.098s] [ 69%] [32mBuilding CXX object test/CMakeFiles/test_gazebo_ros_hand_of_god.dir/test_gazebo_ros_hand_of_god.cpp.o[0m
[583.149s] [ 70%] [32mBuilding CXX object test/CMakeFiles/test_gazebo_ros_ft_sensor.dir/test_gazebo_ros_ft_sensor.cpp.o[0m
[584.231s] [ 72%] [32mBuilding CXX object test/CMakeFiles/test_gazebo_ros_imu_sensor.dir/test_gazebo_ros_imu_sensor.cpp.o[0m
[587.879s] [ 73%] [32m[1mLinking CXX executable test_gazebo_ros_ackermann_drive[0m
[596.603s] [ 73%] Built target test_gazebo_ros_ackermann_drive
[596.745s] [ 74%] [32mBuilding CXX object test/CMakeFiles/test_gazebo_ros_gps_sensor.dir/test_gazebo_ros_gps_sensor.cpp.o[0m
[689.220s] [ 75%] [32m[1mLinking CXX executable test_gazebo_ros_force[0m
[696.009s] [ 75%] Built target test_gazebo_ros_force
[719.119s] [ 76%] [32m[1mLinking CXX executable test_gazebo_ros_hand_of_god[0m
[722.684s] [ 77%] [32m[1mLinking CXX executable test_gazebo_ros_harness[0m
[725.846s] [ 77%] Built target test_gazebo_ros_hand_of_god
[729.099s] [ 77%] Built target test_gazebo_ros_harness
[737.234s] [ 79%] [32mBuilding CXX object test/CMakeFiles/test_gazebo_ros_p3d.dir/test_gazebo_ros_p3d.cpp.o[0m
[738.324s] [ 80%] [32mBuilding CXX object test/CMakeFiles/test_gazebo_ros_joint_state_publisher.dir/test_gazebo_ros_joint_state_publisher.cpp.o[0m
[739.062s] [ 81%] [32m[1mLinking CXX executable test_gazebo_ros_ft_sensor[0m
[739.432s] [ 82%] [32mBuilding CXX object test/CMakeFiles/test_gazebo_ros_joint_pose_trajectory.dir/test_gazebo_ros_joint_pose_trajectory.cpp.o[0m
[740.149s] [ 83%] [32m[1mLinking CXX executable test_gazebo_ros_imu_sensor[0m
[746.926s] [ 83%] Built target test_gazebo_ros_ft_sensor
[747.897s] [ 83%] Built target test_gazebo_ros_imu_sensor
[752.042s] [ 84%] [32mBuilding CXX object test/CMakeFiles/test_gazebo_ros_ray_sensor.dir/test_gazebo_ros_ray_sensor.cpp.o[0m
[754.153s] [ 86%] [32mBuilding CXX object test/CMakeFiles/test_gazebo_ros_planar_move.dir/test_gazebo_ros_planar_move.cpp.o[0m
[773.019s] [ 87%] [32m[1mLinking CXX executable test_gazebo_ros_gps_sensor[0m
[782.492s] [ 87%] Built target test_gazebo_ros_gps_sensor
[870.453s] [ 88%] [32m[1mLinking CXX executable test_gazebo_ros_joint_pose_trajectory[0m
[876.942s] [ 88%] Built target test_gazebo_ros_joint_pose_trajectory
[884.662s] [ 89%] [32m[1mLinking CXX executable test_gazebo_ros_p3d[0m
[887.688s] [ 90%] [32m[1mLinking CXX executable test_gazebo_ros_joint_state_publisher[0m
[891.666s] [ 90%] Built target test_gazebo_ros_p3d
[894.411s] [ 90%] Built target test_gazebo_ros_joint_state_publisher
[894.536s] [ 91%] [32mBuilding CXX object test/CMakeFiles/test_gazebo_ros_wheelslip.dir/test_gazebo_ros_wheelslip.cpp.o[0m
[900.542s] [ 93%] [32m[1mLinking CXX executable test_gazebo_ros_planar_move[0m
[907.223s] [ 93%] Built target test_gazebo_ros_planar_move
[907.358s] [ 94%] [32mBuilding CXX object test/CMakeFiles/test_gazebo_ros_tricycle_drive.dir/test_gazebo_ros_tricycle_drive.cpp.o[0m
[907.359s] [ 95%] [32mBuilding CXX object test/CMakeFiles/test_gazebo_ros_vacuum_gripper.dir/test_gazebo_ros_vacuum_gripper.cpp.o[0m
[935.852s] [ 96%] [32m[1mLinking CXX executable test_gazebo_ros_ray_sensor[0m
[944.695s] [ 96%] Built target test_gazebo_ros_ray_sensor
[1016.225s] [ 97%] [32m[1mLinking CXX executable test_gazebo_ros_vacuum_gripper[0m
[1021.489s] [ 97%] Built target test_gazebo_ros_vacuum_gripper
[1025.220s] [ 98%] [32m[1mLinking CXX executable test_gazebo_ros_wheelslip[0m
[1031.599s] [ 98%] Built target test_gazebo_ros_wheelslip
[1035.312s] [100%] [32m[1mLinking CXX executable test_gazebo_ros_tricycle_drive[0m
[1041.311s] [100%] Built target test_gazebo_ros_tricycle_drive
[1041.393s] Invoked command in '/opt/ros/gazebo_ros_build/build/gazebo_plugins' returned '0': AMENT_PREFIX_PATH=/opt/ros/gazebo_ros_build/install:${AMENT_PREFIX_PATH} CMAKE_PREFIX_PATH=/opt/ros/gazebo_ros_build/install:/opt/ros/humble LD_LIBRARY_PATH=/opt/ros/gazebo_ros_build/install/lib:${LD_LIBRARY_PATH} PYTHONPATH=/opt/ros/gazebo_ros_build/install/local/lib/python3.10/dist-packages:${PYTHONPATH} /usr/bin/cmake --build /opt/ros/gazebo_ros_build/build/gazebo_plugins -- -j6 -l6
[1041.411s] Invoking command in '/opt/ros/gazebo_ros_build/build/gazebo_plugins': AMENT_PREFIX_PATH=/opt/ros/gazebo_ros_build/install:${AMENT_PREFIX_PATH} CMAKE_PREFIX_PATH=/opt/ros/gazebo_ros_build/install:/opt/ros/humble LD_LIBRARY_PATH=/opt/ros/gazebo_ros_build/install/lib:${LD_LIBRARY_PATH} PYTHONPATH=/opt/ros/gazebo_ros_build/install/local/lib/python3.10/dist-packages:${PYTHONPATH} /usr/bin/cmake --install /opt/ros/gazebo_ros_build/build/gazebo_plugins
[1041.451s] -- Install configuration: ""
[1041.452s] -- Installing: /opt/ros/gazebo_ros_build/install/share/gazebo_plugins/environment/library_path.sh
[1041.454s] -- Installing: /opt/ros/gazebo_ros_build/install/share/gazebo_plugins/environment/library_path.dsv
[1041.455s] -- Installing: /opt/ros/gazebo_ros_build/install/share/gazebo_plugins/environment/gazebo_plugins.sh
[1041.456s] -- Installing: /opt/ros/gazebo_ros_build/install/share/gazebo_plugins/environment/gazebo_plugins.dsv
[1041.457s] -- Installing: /opt/ros/gazebo_ros_build/install/share/ament_index/resource_index/package_run_dependencies/gazebo_plugins
[1041.458s] -- Installing: /opt/ros/gazebo_ros_build/install/share/ament_index/resource_index/parent_prefix_path/gazebo_plugins
[1041.460s] -- Installing: /opt/ros/gazebo_ros_build/install/share/gazebo_plugins/environment/ament_prefix_path.sh
[1041.461s] -- Installing: /opt/ros/gazebo_ros_build/install/share/gazebo_plugins/environment/ament_prefix_path.dsv
[1041.462s] -- Installing: /opt/ros/gazebo_ros_build/install/share/gazebo_plugins/environment/path.sh
[1041.463s] -- Installing: /opt/ros/gazebo_ros_build/install/share/gazebo_plugins/environment/path.dsv
[1041.465s] -- Installing: /opt/ros/gazebo_ros_build/install/share/gazebo_plugins/local_setup.bash
[1041.466s] -- Installing: /opt/ros/gazebo_ros_build/install/share/gazebo_plugins/local_setup.sh
[1041.467s] -- Installing: /opt/ros/gazebo_ros_build/install/share/gazebo_plugins/local_setup.zsh
[1041.468s] -- Installing: /opt/ros/gazebo_ros_build/install/share/gazebo_plugins/local_setup.dsv
[1041.470s] -- Installing: /opt/ros/gazebo_ros_build/install/share/gazebo_plugins/package.dsv
[1041.471s] -- Installing: /opt/ros/gazebo_ros_build/install/share/ament_index/resource_index/packages/gazebo_plugins
[1041.472s] -- Installing: /opt/ros/gazebo_ros_build/install/share/gazebo_plugins/cmake/ament_cmake_export_libraries-extras.cmake
[1041.473s] -- Installing: /opt/ros/gazebo_ros_build/install/share/gazebo_plugins/cmake/ament_cmake_export_include_directories-extras.cmake
[1041.475s] -- Installing: /opt/ros/gazebo_ros_build/install/share/gazebo_plugins/cmake/ament_cmake_export_dependencies-extras.cmake
[1041.476s] -- Installing: /opt/ros/gazebo_ros_build/install/share/gazebo_plugins/cmake/gazebo_pluginsConfig.cmake
[1041.477s] -- Installing: /opt/ros/gazebo_ros_build/install/share/gazebo_plugins/cmake/gazebo_pluginsConfig-version.cmake
[1041.478s] -- Installing: /opt/ros/gazebo_ros_build/install/share/gazebo_plugins/package.xml
[1041.479s] -- Up-to-date: /opt/ros/gazebo_ros_build/install/include
[1041.480s] -- Installing: /opt/ros/gazebo_ros_build/install/include/gazebo_plugins
[1041.480s] -- Installing: /opt/ros/gazebo_ros_build/install/include/gazebo_plugins/gazebo_ros_harness.hpp
[1041.481s] -- Installing: /opt/ros/gazebo_ros_build/install/include/gazebo_plugins/gazebo_ros_tricycle_drive.hpp
[1041.482s] -- Installing: /opt/ros/gazebo_ros_build/install/include/gazebo_plugins/gazebo_ros_force.hpp
[1041.483s] -- Installing: /opt/ros/gazebo_ros_build/install/include/gazebo_plugins/gazebo_ros_ray_sensor.hpp
[1041.484s] -- Installing: /opt/ros/gazebo_ros_build/install/include/gazebo_plugins/gazebo_ros_gps_sensor.hpp
[1041.485s] -- Installing: /opt/ros/gazebo_ros_build/install/include/gazebo_plugins/gazebo_ros_hand_of_god.hpp
[1041.486s] -- Installing: /opt/ros/gazebo_ros_build/install/include/gazebo_plugins/gazebo_ros_bumper.hpp
[1041.487s] -- Installing: /opt/ros/gazebo_ros_build/install/include/gazebo_plugins/multi_camera_plugin.hpp
[1041.487s] -- Installing: /opt/ros/gazebo_ros_build/install/include/gazebo_plugins/gazebo_ros_planar_move.hpp
[1041.489s] -- Installing: /opt/ros/gazebo_ros_build/install/include/gazebo_plugins/gazebo_ros_vacuum_gripper.hpp
[1041.489s] -- Installing: /opt/ros/gazebo_ros_build/install/include/gazebo_plugins/gazebo_ros_joint_state_publisher.hpp
[1041.490s] -- Installing: /opt/ros/gazebo_ros_build/install/include/gazebo_plugins/gazebo_ros_imu_sensor.hpp
[1041.491s] -- Installing: /opt/ros/gazebo_ros_build/install/include/gazebo_plugins/gazebo_ros_diff_drive.hpp
[1041.492s] -- Installing: /opt/ros/gazebo_ros_build/install/include/gazebo_plugins/gazebo_ros_projector.hpp
[1041.493s] -- Installing: /opt/ros/gazebo_ros_build/install/include/gazebo_plugins/gazebo_ros_wheel_slip.hpp
[1041.494s] -- Installing: /opt/ros/gazebo_ros_build/install/include/gazebo_plugins/gazebo_ros_camera.hpp
[1041.495s] -- Installing: /opt/ros/gazebo_ros_build/install/include/gazebo_plugins/gazebo_ros_joint_pose_trajectory.hpp
[1041.496s] -- Installing: /opt/ros/gazebo_ros_build/install/include/gazebo_plugins/gazebo_ros_template.hpp
[1041.497s] -- Installing: /opt/ros/gazebo_ros_build/install/include/gazebo_plugins/gazebo_ros_elevator.hpp
[1041.498s] -- Installing: /opt/ros/gazebo_ros_build/install/include/gazebo_plugins/gazebo_ros_video.hpp
[1041.499s] -- Installing: /opt/ros/gazebo_ros_build/install/include/gazebo_plugins/gazebo_ros_p3d.hpp
[1041.500s] -- Installing: /opt/ros/gazebo_ros_build/install/include/gazebo_plugins/gazebo_ros_ackermann_drive.hpp
[1041.501s] -- Installing: /opt/ros/gazebo_ros_build/install/include/gazebo_plugins/gazebo_ros_ft_sensor.hpp
[1041.502s] -- Installing: /opt/ros/gazebo_ros_build/install/lib/libgazebo_ros_ackermann_drive.so
[1041.581s] -- Set runtime path of "/opt/ros/gazebo_ros_build/install/lib/libgazebo_ros_ackermann_drive.so" to ""
[1041.582s] -- Installing: /opt/ros/gazebo_ros_build/install/lib/libgazebo_ros_bumper.so
[1041.612s] -- Set runtime path of "/opt/ros/gazebo_ros_build/install/lib/libgazebo_ros_bumper.so" to ""
[1041.613s] -- Installing: /opt/ros/gazebo_ros_build/install/lib/libgazebo_ros_camera.so
[1041.691s] -- Set runtime path of "/opt/ros/gazebo_ros_build/install/lib/libgazebo_ros_camera.so" to ""
[1041.692s] -- Installing: /opt/ros/gazebo_ros_build/install/lib/libgazebo_ros_diff_drive.so
[1041.766s] -- Set runtime path of "/opt/ros/gazebo_ros_build/install/lib/libgazebo_ros_diff_drive.so" to ""
[1041.766s] -- Installing: /opt/ros/gazebo_ros_build/install/lib/libgazebo_ros_elevator.so
[1041.831s] -- Set runtime path of "/opt/ros/gazebo_ros_build/install/lib/libgazebo_ros_elevator.so" to ""
[1041.833s] -- Installing: /opt/ros/gazebo_ros_build/install/lib/libgazebo_ros_force.so
[1041.899s] -- Set runtime path of "/opt/ros/gazebo_ros_build/install/lib/libgazebo_ros_force.so" to ""
[1041.900s] -- Installing: /opt/ros/gazebo_ros_build/install/lib/libgazebo_ros_ft_sensor.so
[1041.931s] -- Set runtime path of "/opt/ros/gazebo_ros_build/install/lib/libgazebo_ros_ft_sensor.so" to ""
[1041.931s] -- Installing: /opt/ros/gazebo_ros_build/install/lib/libgazebo_ros_hand_of_god.so
[1041.960s] -- Set runtime path of "/opt/ros/gazebo_ros_build/install/lib/libgazebo_ros_hand_of_god.so" to ""
[1041.960s] -- Installing: /opt/ros/gazebo_ros_build/install/lib/libgazebo_ros_harness.so
[1042.052s] -- Set runtime path of "/opt/ros/gazebo_ros_build/install/lib/libgazebo_ros_harness.so" to ""
[1042.053s] -- Installing: /opt/ros/gazebo_ros_build/install/lib/libgazebo_ros_imu_sensor.so
[1042.082s] -- Set runtime path of "/opt/ros/gazebo_ros_build/install/lib/libgazebo_ros_imu_sensor.so" to ""
[1042.083s] -- Installing: /opt/ros/gazebo_ros_build/install/lib/libgazebo_ros_gps_sensor.so
[1042.111s] -- Set runtime path of "/opt/ros/gazebo_ros_build/install/lib/libgazebo_ros_gps_sensor.so" to ""
[1042.112s] -- Installing: /opt/ros/gazebo_ros_build/install/lib/libgazebo_ros_joint_pose_trajectory.so
[1042.181s] -- Set runtime path of "/opt/ros/gazebo_ros_build/install/lib/libgazebo_ros_joint_pose_trajectory.so" to ""
[1042.181s] -- Installing: /opt/ros/gazebo_ros_build/install/lib/libgazebo_ros_joint_state_publisher.so
[1042.211s] -- Set runtime path of "/opt/ros/gazebo_ros_build/install/lib/libgazebo_ros_joint_state_publisher.so" to ""
[1042.212s] -- Installing: /opt/ros/gazebo_ros_build/install/lib/libgazebo_ros_planar_move.so
[1042.285s] -- Set runtime path of "/opt/ros/gazebo_ros_build/install/lib/libgazebo_ros_planar_move.so" to ""
[1042.286s] -- Installing: /opt/ros/gazebo_ros_build/install/lib/libgazebo_ros_projector.so
[1042.353s] -- Set runtime path of "/opt/ros/gazebo_ros_build/install/lib/libgazebo_ros_projector.so" to ""
[1042.354s] -- Installing: /opt/ros/gazebo_ros_build/install/lib/libgazebo_ros_ray_sensor.so
[1042.398s] -- Set runtime path of "/opt/ros/gazebo_ros_build/install/lib/libgazebo_ros_ray_sensor.so" to ""
[1042.400s] -- Installing: /opt/ros/gazebo_ros_build/install/lib/libgazebo_ros_p3d.so
[1042.428s] -- Set runtime path of "/opt/ros/gazebo_ros_build/install/lib/libgazebo_ros_p3d.so" to ""
[1042.429s] -- Installing: /opt/ros/gazebo_ros_build/install/lib/libgazebo_ros_template.so
[1042.443s] -- Set runtime path of "/opt/ros/gazebo_ros_build/install/lib/libgazebo_ros_template.so" to ""
[1042.444s] -- Installing: /opt/ros/gazebo_ros_build/install/lib/libgazebo_ros_tricycle_drive.so
[1042.520s] -- Set runtime path of "/opt/ros/gazebo_ros_build/install/lib/libgazebo_ros_tricycle_drive.so" to ""
[1042.521s] -- Installing: /opt/ros/gazebo_ros_build/install/lib/libgazebo_ros_vacuum_gripper.so
[1042.557s] -- Set runtime path of "/opt/ros/gazebo_ros_build/install/lib/libgazebo_ros_vacuum_gripper.so" to ""
[1042.558s] -- Installing: /opt/ros/gazebo_ros_build/install/lib/libgazebo_ros_video.so
[1042.626s] -- Set runtime path of "/opt/ros/gazebo_ros_build/install/lib/libgazebo_ros_video.so" to ""
[1042.626s] -- Installing: /opt/ros/gazebo_ros_build/install/lib/libmulti_camera_plugin.so
[1042.642s] -- Set runtime path of "/opt/ros/gazebo_ros_build/install/lib/libmulti_camera_plugin.so" to ""
[1042.643s] -- Installing: /opt/ros/gazebo_ros_build/install/lib/libgazebo_ros_wheel_slip.so
[1042.717s] -- Set runtime path of "/opt/ros/gazebo_ros_build/install/lib/libgazebo_ros_wheel_slip.so" to ""
[1042.718s] -- Installing: /opt/ros/gazebo_ros_build/install/lib/gazebo_plugins/wheel_slip_drawbar_pull_publisher.py
[1042.719s] -- Installing: /opt/ros/gazebo_ros_build/install/share/gazebo_plugins//worlds
[1042.720s] -- Installing: /opt/ros/gazebo_ros_build/install/share/gazebo_plugins//worlds/gazebo_ros_gps_sensor_demo.world
[1042.721s] -- Installing: /opt/ros/gazebo_ros_build/install/share/gazebo_plugins//worlds/gazebo_ros_wheel_slip_drawbar_pull_demo.world
[1042.723s] -- Installing: /opt/ros/gazebo_ros_build/install/share/gazebo_plugins//worlds/gazebo_ros_depth_camera_demo.world
[1042.725s] -- Installing: /opt/ros/gazebo_ros_build/install/share/gazebo_plugins//worlds/gazebo_ros_joint_state_publisher_demo.world
[1042.726s] -- Installing: /opt/ros/gazebo_ros_build/install/share/gazebo_plugins//worlds/gazebo_ros_force_demo.world
[1042.727s] -- Installing: /opt/ros/gazebo_ros_build/install/share/gazebo_plugins//worlds/gazebo_ros_vacuum_gripper_demo.world
[1042.729s] -- Installing: /opt/ros/gazebo_ros_build/install/share/gazebo_plugins//worlds/gazebo_ros_bumper_demo.world
[1042.730s] -- Installing: /opt/ros/gazebo_ros_build/install/share/gazebo_plugins//worlds/gazebo_ros_camera_distortion_pincushion_demo.world
[1042.731s] -- Installing: /opt/ros/gazebo_ros_build/install/share/gazebo_plugins//worlds/gazebo_ros_multi_camera_demo.world
[1042.733s] -- Installing: /opt/ros/gazebo_ros_build/install/share/gazebo_plugins//worlds/gazebo_ros_skid_steer_drive_demo.world
[1042.734s] -- Installing: /opt/ros/gazebo_ros_build/install/share/gazebo_plugins//worlds/gazebo_ros_planar_move_demo.world
[1042.735s] -- Installing: /opt/ros/gazebo_ros_build/install/share/gazebo_plugins//worlds/gazebo_ros_multicamera_demo.world
[1042.736s] -- Installing: /opt/ros/gazebo_ros_build/install/share/gazebo_plugins//worlds/gazebo_ros_p3d_demo.world
[1042.737s] -- Installing: /opt/ros/gazebo_ros_build/install/share/gazebo_plugins//worlds/gazebo_ros_joint_pose_trajectory_demo.world
[1042.739s] -- Installing: /opt/ros/gazebo_ros_build/install/share/gazebo_plugins//worlds/gazebo_ros_hand_of_god_demo.world
[1042.740s] -- Installing: /opt/ros/gazebo_ros_build/install/share/gazebo_plugins//worlds/gazebo_ros_camera_demo.world
[1042.741s] -- Installing: /opt/ros/gazebo_ros_build/install/share/gazebo_plugins//worlds/gazebo_ros_tricycle_drive_demo.world
[1042.743s] -- Installing: /opt/ros/gazebo_ros_build/install/share/gazebo_plugins//worlds/gazebo_ros_diff_drive_demo.world
[1042.744s] -- Installing: /opt/ros/gazebo_ros_build/install/share/gazebo_plugins//worlds/gazebo_ros_template_demo.world
[1042.745s] -- Installing: /opt/ros/gazebo_ros_build/install/share/gazebo_plugins//worlds/gazebo_ros_harness_demo.world
[1042.746s] -- Installing: /opt/ros/gazebo_ros_build/install/share/gazebo_plugins//worlds/gazebo_ros_ray_sensor_demo.world
[1042.747s] -- Installing: /opt/ros/gazebo_ros_build/install/share/gazebo_plugins//worlds/gazebo_ros_camera_triggered_demo.world
[1042.749s] -- Installing: /opt/ros/gazebo_ros_build/install/share/gazebo_plugins//worlds/gazebo_ros_video_demo.world
[1042.750s] -- Installing: /opt/ros/gazebo_ros_build/install/share/gazebo_plugins//worlds/gazebo_ros_ackermann_drive_demo.world
[1042.751s] -- Installing: /opt/ros/gazebo_ros_build/install/share/gazebo_plugins//worlds/gazebo_ros_elevator_demo.world
[1042.753s] -- Installing: /opt/ros/gazebo_ros_build/install/share/gazebo_plugins//worlds/gazebo_ros_wheel_slip_demo.world
[1042.754s] -- Installing: /opt/ros/gazebo_ros_build/install/share/gazebo_plugins//worlds/gazebo_ros_projector_demo.world
[1042.755s] -- Installing: /opt/ros/gazebo_ros_build/install/share/gazebo_plugins//worlds/gazebo_ros_ft_sensor_demo.world
[1042.756s] -- Installing: /opt/ros/gazebo_ros_build/install/share/gazebo_plugins//worlds/gazebo_ros_camera_distortion_barrel_demo.world
[1042.772s] Invoked command in '/opt/ros/gazebo_ros_build/build/gazebo_plugins' returned '0': AMENT_PREFIX_PATH=/opt/ros/gazebo_ros_build/install:${AMENT_PREFIX_PATH} CMAKE_PREFIX_PATH=/opt/ros/gazebo_ros_build/install:/opt/ros/humble LD_LIBRARY_PATH=/opt/ros/gazebo_ros_build/install/lib:${LD_LIBRARY_PATH} PYTHONPATH=/opt/ros/gazebo_ros_build/install/local/lib/python3.10/dist-packages:${PYTHONPATH} /usr/bin/cmake --install /opt/ros/gazebo_ros_build/build/gazebo_plugins
