[0.108s] Invoking command in '/opt/ros/gazebo_ros_build/build/gazebo_ros_pkgs': AMENT_PREFIX_PATH=/opt/ros/gazebo_ros_build/install:${AMENT_PREFIX_PATH} CMAKE_PREFIX_PATH=/opt/ros/gazebo_ros_build/install:/opt/ros/humble LD_LIBRARY_PATH=/usr/lib/aarch64-linux-gnu/gazebo-11/plugins:/opt/ros/gazebo_ros_build/install/lib:${LD_LIBRARY_PATH} PYTHONPATH=/opt/ros/gazebo_ros_build/install/local/lib/python3.10/dist-packages:${PYTHONPATH} /usr/bin/cmake /opt/ros/gazebo_ros_build/src/gazebo_ros_pkgs -DCMAKE_INSTALL_PREFIX=/opt/ros/gazebo_ros_build/install
[0.442s] -- The C compiler identification is GNU 11.4.0
[0.759s] -- The CXX compiler identification is GNU 11.4.0
[0.800s] -- Detecting C compiler ABI info
[1.193s] -- Detecting C compiler ABI info - done
[1.239s] -- Check for working C compiler: /usr/bin/cc - skipped
[1.240s] -- Detecting C compile features
[1.243s] -- Detecting C compile features - done
[1.260s] -- Detecting CXX compiler ABI info
[1.683s] -- Detecting CXX compiler ABI info - done
[1.728s] -- Check for working CXX compiler: /usr/bin/c++ - skipped
[1.730s] -- Detecting CXX compile features
[1.732s] -- Detecting CXX compile features - done
[1.751s] -- Found ament_cmake: 1.3.12 (/opt/ros/humble/share/ament_cmake/cmake)
[2.653s] -- Found Python3: /usr/bin/python3 (found version "3.10.12") found components: Interpreter 
[3.629s] -- Configuring done
[3.651s] -- Generating done
[3.662s] -- Build files have been written to: /opt/ros/gazebo_ros_build/build/gazebo_ros_pkgs
[3.687s] Invoked command in '/opt/ros/gazebo_ros_build/build/gazebo_ros_pkgs' returned '0': AMENT_PREFIX_PATH=/opt/ros/gazebo_ros_build/install:${AMENT_PREFIX_PATH} CMAKE_PREFIX_PATH=/opt/ros/gazebo_ros_build/install:/opt/ros/humble LD_LIBRARY_PATH=/usr/lib/aarch64-linux-gnu/gazebo-11/plugins:/opt/ros/gazebo_ros_build/install/lib:${LD_LIBRARY_PATH} PYTHONPATH=/opt/ros/gazebo_ros_build/install/local/lib/python3.10/dist-packages:${PYTHONPATH} /usr/bin/cmake /opt/ros/gazebo_ros_build/src/gazebo_ros_pkgs -DCMAKE_INSTALL_PREFIX=/opt/ros/gazebo_ros_build/install
[3.694s] Invoking command in '/opt/ros/gazebo_ros_build/build/gazebo_ros_pkgs': AMENT_PREFIX_PATH=/opt/ros/gazebo_ros_build/install:${AMENT_PREFIX_PATH} CMAKE_PREFIX_PATH=/opt/ros/gazebo_ros_build/install:/opt/ros/humble LD_LIBRARY_PATH=/usr/lib/aarch64-linux-gnu/gazebo-11/plugins:/opt/ros/gazebo_ros_build/install/lib:${LD_LIBRARY_PATH} PYTHONPATH=/opt/ros/gazebo_ros_build/install/local/lib/python3.10/dist-packages:${PYTHONPATH} /usr/bin/cmake --build /opt/ros/gazebo_ros_build/build/gazebo_ros_pkgs -- -j6 -l6
[3.895s] Invoked command in '/opt/ros/gazebo_ros_build/build/gazebo_ros_pkgs' returned '0': AMENT_PREFIX_PATH=/opt/ros/gazebo_ros_build/install:${AMENT_PREFIX_PATH} CMAKE_PREFIX_PATH=/opt/ros/gazebo_ros_build/install:/opt/ros/humble LD_LIBRARY_PATH=/usr/lib/aarch64-linux-gnu/gazebo-11/plugins:/opt/ros/gazebo_ros_build/install/lib:${LD_LIBRARY_PATH} PYTHONPATH=/opt/ros/gazebo_ros_build/install/local/lib/python3.10/dist-packages:${PYTHONPATH} /usr/bin/cmake --build /opt/ros/gazebo_ros_build/build/gazebo_ros_pkgs -- -j6 -l6
[3.907s] Invoking command in '/opt/ros/gazebo_ros_build/build/gazebo_ros_pkgs': AMENT_PREFIX_PATH=/opt/ros/gazebo_ros_build/install:${AMENT_PREFIX_PATH} CMAKE_PREFIX_PATH=/opt/ros/gazebo_ros_build/install:/opt/ros/humble LD_LIBRARY_PATH=/usr/lib/aarch64-linux-gnu/gazebo-11/plugins:/opt/ros/gazebo_ros_build/install/lib:${LD_LIBRARY_PATH} PYTHONPATH=/opt/ros/gazebo_ros_build/install/local/lib/python3.10/dist-packages:${PYTHONPATH} /usr/bin/cmake --install /opt/ros/gazebo_ros_build/build/gazebo_ros_pkgs
[3.942s] -- Install configuration: ""
[3.943s] -- Installing: /opt/ros/gazebo_ros_build/install/share/ament_index/resource_index/package_run_dependencies/gazebo_ros_pkgs
[3.944s] -- Installing: /opt/ros/gazebo_ros_build/install/share/ament_index/resource_index/parent_prefix_path/gazebo_ros_pkgs
[3.946s] -- Installing: /opt/ros/gazebo_ros_build/install/share/gazebo_ros_pkgs/environment/ament_prefix_path.sh
[3.947s] -- Installing: /opt/ros/gazebo_ros_build/install/share/gazebo_ros_pkgs/environment/ament_prefix_path.dsv
[3.948s] -- Installing: /opt/ros/gazebo_ros_build/install/share/gazebo_ros_pkgs/environment/path.sh
[3.950s] -- Installing: /opt/ros/gazebo_ros_build/install/share/gazebo_ros_pkgs/environment/path.dsv
[3.951s] -- Installing: /opt/ros/gazebo_ros_build/install/share/gazebo_ros_pkgs/local_setup.bash
[3.952s] -- Installing: /opt/ros/gazebo_ros_build/install/share/gazebo_ros_pkgs/local_setup.sh
[3.953s] -- Installing: /opt/ros/gazebo_ros_build/install/share/gazebo_ros_pkgs/local_setup.zsh
[3.955s] -- Installing: /opt/ros/gazebo_ros_build/install/share/gazebo_ros_pkgs/local_setup.dsv
[3.955s] -- Installing: /opt/ros/gazebo_ros_build/install/share/gazebo_ros_pkgs/package.dsv
[3.957s] -- Installing: /opt/ros/gazebo_ros_build/install/share/ament_index/resource_index/packages/gazebo_ros_pkgs
[3.958s] -- Installing: /opt/ros/gazebo_ros_build/install/share/gazebo_ros_pkgs/cmake/gazebo_ros_pkgsConfig.cmake
[3.959s] -- Installing: /opt/ros/gazebo_ros_build/install/share/gazebo_ros_pkgs/cmake/gazebo_ros_pkgsConfig-version.cmake
[3.960s] -- Installing: /opt/ros/gazebo_ros_build/install/share/gazebo_ros_pkgs/package.xml
[3.973s] Invoked command in '/opt/ros/gazebo_ros_build/build/gazebo_ros_pkgs' returned '0': AMENT_PREFIX_PATH=/opt/ros/gazebo_ros_build/install:${AMENT_PREFIX_PATH} CMAKE_PREFIX_PATH=/opt/ros/gazebo_ros_build/install:/opt/ros/humble LD_LIBRARY_PATH=/usr/lib/aarch64-linux-gnu/gazebo-11/plugins:/opt/ros/gazebo_ros_build/install/lib:${LD_LIBRARY_PATH} PYTHONPATH=/opt/ros/gazebo_ros_build/install/local/lib/python3.10/dist-packages:${PYTHONPATH} /usr/bin/cmake --install /opt/ros/gazebo_ros_build/build/gazebo_ros_pkgs
