[0.106s] Invoking command in '/home/ultra/gazebo_ros/build/gazebo_ros_pkgs': AMENT_PREFIX_PATH=/home/ultra/gazebo_ros/install/gazebo_plugins:/home/ultra/gazebo_ros/install/gazebo_ros:/home/ultra/gazebo_ros/install/gazebo_msgs:/home/ultra/gazebo_ros/install/gazebo_dev:${AMENT_PREFIX_PATH} CMAKE_PREFIX_PATH=/home/ultra/gazebo_ros/install/gazebo_plugins:/home/ultra/gazebo_ros/install/gazebo_ros:/home/ultra/gazebo_ros/install/gazebo_msgs:/home/ultra/gazebo_ros/install/gazebo_dev:/home/ultra/workspace/install/laris_robot:/opt/ros/humble LD_LIBRARY_PATH=/usr/lib/aarch64-linux-gnu/gazebo-11/plugins:/home/ultra/gazebo_ros/install/gazebo_plugins/lib:/home/ultra/gazebo_ros/install/gazebo_ros/lib:/home/ultra/gazebo_ros/install/gazebo_msgs/lib:${LD_LIBRARY_PATH} PYTHONPATH=/home/ultra/gazebo_ros/install/gazebo_ros/local/lib/python3.10/dist-packages:/home/ultra/gazebo_ros/install/gazebo_msgs/local/lib/python3.10/dist-packages:${PYTHONPATH} /usr/bin/cmake /home/ultra/gazebo_ros/src/gazebo_ros_pkgs/gazebo_ros_pkgs -DAMENT_CMAKE_SYMLINK_INSTALL=1 -DCMAKE_INSTALL_PREFIX=/home/ultra/gazebo_ros/install/gazebo_ros_pkgs
[0.469s] -- The C compiler identification is GNU 11.4.0
[0.806s] -- The CXX compiler identification is GNU 11.4.0
[0.854s] -- Detecting C compiler ABI info
[1.261s] -- Detecting C compiler ABI info - done
[1.328s] -- Check for working C compiler: /usr/bin/cc - skipped
[1.329s] -- Detecting C compile features
[1.331s] -- Detecting C compile features - done
[1.352s] -- Detecting CXX compiler ABI info
[1.803s] -- Detecting CXX compiler ABI info - done
[1.863s] -- Check for working CXX compiler: /usr/bin/c++ - skipped
[1.864s] -- Detecting CXX compile features
[1.867s] -- Detecting CXX compile features - done
[1.890s] -- Found ament_cmake: 1.3.12 (/opt/ros/humble/share/ament_cmake/cmake)
[2.740s] -- Found Python3: /usr/bin/python3 (found version "3.10.12") found components: Interpreter 
[3.088s] -- Override CMake install command with custom implementation using symlinks instead of copying resources
[3.694s] -- Configuring done
[3.718s] -- Generating done
[3.729s] -- Build files have been written to: /home/ultra/gazebo_ros/build/gazebo_ros_pkgs
[3.752s] Invoked command in '/home/ultra/gazebo_ros/build/gazebo_ros_pkgs' returned '0': AMENT_PREFIX_PATH=/home/ultra/gazebo_ros/install/gazebo_plugins:/home/ultra/gazebo_ros/install/gazebo_ros:/home/ultra/gazebo_ros/install/gazebo_msgs:/home/ultra/gazebo_ros/install/gazebo_dev:${AMENT_PREFIX_PATH} CMAKE_PREFIX_PATH=/home/ultra/gazebo_ros/install/gazebo_plugins:/home/ultra/gazebo_ros/install/gazebo_ros:/home/ultra/gazebo_ros/install/gazebo_msgs:/home/ultra/gazebo_ros/install/gazebo_dev:/home/ultra/workspace/install/laris_robot:/opt/ros/humble LD_LIBRARY_PATH=/usr/lib/aarch64-linux-gnu/gazebo-11/plugins:/home/ultra/gazebo_ros/install/gazebo_plugins/lib:/home/ultra/gazebo_ros/install/gazebo_ros/lib:/home/ultra/gazebo_ros/install/gazebo_msgs/lib:${LD_LIBRARY_PATH} PYTHONPATH=/home/ultra/gazebo_ros/install/gazebo_ros/local/lib/python3.10/dist-packages:/home/ultra/gazebo_ros/install/gazebo_msgs/local/lib/python3.10/dist-packages:${PYTHONPATH} /usr/bin/cmake /home/ultra/gazebo_ros/src/gazebo_ros_pkgs/gazebo_ros_pkgs -DAMENT_CMAKE_SYMLINK_INSTALL=1 -DCMAKE_INSTALL_PREFIX=/home/ultra/gazebo_ros/install/gazebo_ros_pkgs
[3.760s] Invoking command in '/home/ultra/gazebo_ros/build/gazebo_ros_pkgs': AMENT_PREFIX_PATH=/home/ultra/gazebo_ros/install/gazebo_plugins:/home/ultra/gazebo_ros/install/gazebo_ros:/home/ultra/gazebo_ros/install/gazebo_msgs:/home/ultra/gazebo_ros/install/gazebo_dev:${AMENT_PREFIX_PATH} CMAKE_PREFIX_PATH=/home/ultra/gazebo_ros/install/gazebo_plugins:/home/ultra/gazebo_ros/install/gazebo_ros:/home/ultra/gazebo_ros/install/gazebo_msgs:/home/ultra/gazebo_ros/install/gazebo_dev:/home/ultra/workspace/install/laris_robot:/opt/ros/humble LD_LIBRARY_PATH=/usr/lib/aarch64-linux-gnu/gazebo-11/plugins:/home/ultra/gazebo_ros/install/gazebo_plugins/lib:/home/ultra/gazebo_ros/install/gazebo_ros/lib:/home/ultra/gazebo_ros/install/gazebo_msgs/lib:${LD_LIBRARY_PATH} PYTHONPATH=/home/ultra/gazebo_ros/install/gazebo_ros/local/lib/python3.10/dist-packages:/home/ultra/gazebo_ros/install/gazebo_msgs/local/lib/python3.10/dist-packages:${PYTHONPATH} /usr/bin/cmake --build /home/ultra/gazebo_ros/build/gazebo_ros_pkgs -- -j6 -l6
[3.976s] Invoked command in '/home/ultra/gazebo_ros/build/gazebo_ros_pkgs' returned '0': AMENT_PREFIX_PATH=/home/ultra/gazebo_ros/install/gazebo_plugins:/home/ultra/gazebo_ros/install/gazebo_ros:/home/ultra/gazebo_ros/install/gazebo_msgs:/home/ultra/gazebo_ros/install/gazebo_dev:${AMENT_PREFIX_PATH} CMAKE_PREFIX_PATH=/home/ultra/gazebo_ros/install/gazebo_plugins:/home/ultra/gazebo_ros/install/gazebo_ros:/home/ultra/gazebo_ros/install/gazebo_msgs:/home/ultra/gazebo_ros/install/gazebo_dev:/home/ultra/workspace/install/laris_robot:/opt/ros/humble LD_LIBRARY_PATH=/usr/lib/aarch64-linux-gnu/gazebo-11/plugins:/home/ultra/gazebo_ros/install/gazebo_plugins/lib:/home/ultra/gazebo_ros/install/gazebo_ros/lib:/home/ultra/gazebo_ros/install/gazebo_msgs/lib:${LD_LIBRARY_PATH} PYTHONPATH=/home/ultra/gazebo_ros/install/gazebo_ros/local/lib/python3.10/dist-packages:/home/ultra/gazebo_ros/install/gazebo_msgs/local/lib/python3.10/dist-packages:${PYTHONPATH} /usr/bin/cmake --build /home/ultra/gazebo_ros/build/gazebo_ros_pkgs -- -j6 -l6
[3.983s] Invoking command in '/home/ultra/gazebo_ros/build/gazebo_ros_pkgs': AMENT_PREFIX_PATH=/home/ultra/gazebo_ros/install/gazebo_plugins:/home/ultra/gazebo_ros/install/gazebo_ros:/home/ultra/gazebo_ros/install/gazebo_msgs:/home/ultra/gazebo_ros/install/gazebo_dev:${AMENT_PREFIX_PATH} CMAKE_PREFIX_PATH=/home/ultra/gazebo_ros/install/gazebo_plugins:/home/ultra/gazebo_ros/install/gazebo_ros:/home/ultra/gazebo_ros/install/gazebo_msgs:/home/ultra/gazebo_ros/install/gazebo_dev:/home/ultra/workspace/install/laris_robot:/opt/ros/humble LD_LIBRARY_PATH=/usr/lib/aarch64-linux-gnu/gazebo-11/plugins:/home/ultra/gazebo_ros/install/gazebo_plugins/lib:/home/ultra/gazebo_ros/install/gazebo_ros/lib:/home/ultra/gazebo_ros/install/gazebo_msgs/lib:${LD_LIBRARY_PATH} PYTHONPATH=/home/ultra/gazebo_ros/install/gazebo_ros/local/lib/python3.10/dist-packages:/home/ultra/gazebo_ros/install/gazebo_msgs/local/lib/python3.10/dist-packages:${PYTHONPATH} /usr/bin/cmake --install /home/ultra/gazebo_ros/build/gazebo_ros_pkgs
[4.024s] -- Install configuration: ""
[4.027s] -- Execute custom install script
[4.029s] -- Symlinking: /home/ultra/gazebo_ros/install/gazebo_ros_pkgs/share/ament_index/resource_index/package_run_dependencies/gazebo_ros_pkgs
[4.076s] -- Symlinking: /home/ultra/gazebo_ros/install/gazebo_ros_pkgs/share/ament_index/resource_index/parent_prefix_path/gazebo_ros_pkgs
[4.123s] -- Symlinking: /home/ultra/gazebo_ros/install/gazebo_ros_pkgs/share/gazebo_ros_pkgs/environment/ament_prefix_path.sh
[4.169s] -- Symlinking: /home/ultra/gazebo_ros/install/gazebo_ros_pkgs/share/gazebo_ros_pkgs/environment/ament_prefix_path.dsv
[4.215s] -- Symlinking: /home/ultra/gazebo_ros/install/gazebo_ros_pkgs/share/gazebo_ros_pkgs/environment/path.sh
[4.264s] -- Symlinking: /home/ultra/gazebo_ros/install/gazebo_ros_pkgs/share/gazebo_ros_pkgs/environment/path.dsv
[4.311s] -- Symlinking: /home/ultra/gazebo_ros/install/gazebo_ros_pkgs/share/gazebo_ros_pkgs/local_setup.bash
[4.359s] -- Symlinking: /home/ultra/gazebo_ros/install/gazebo_ros_pkgs/share/gazebo_ros_pkgs/local_setup.sh
[4.405s] -- Symlinking: /home/ultra/gazebo_ros/install/gazebo_ros_pkgs/share/gazebo_ros_pkgs/local_setup.zsh
[4.452s] -- Symlinking: /home/ultra/gazebo_ros/install/gazebo_ros_pkgs/share/gazebo_ros_pkgs/local_setup.dsv
[4.499s] -- Symlinking: /home/ultra/gazebo_ros/install/gazebo_ros_pkgs/share/gazebo_ros_pkgs/package.dsv
[4.547s] -- Symlinking: /home/ultra/gazebo_ros/install/gazebo_ros_pkgs/share/ament_index/resource_index/packages/gazebo_ros_pkgs
[4.594s] -- Symlinking: /home/ultra/gazebo_ros/install/gazebo_ros_pkgs/share/gazebo_ros_pkgs/cmake/gazebo_ros_pkgsConfig.cmake
[4.640s] -- Symlinking: /home/ultra/gazebo_ros/install/gazebo_ros_pkgs/share/gazebo_ros_pkgs/cmake/gazebo_ros_pkgsConfig-version.cmake
[4.687s] -- Symlinking: /home/ultra/gazebo_ros/install/gazebo_ros_pkgs/share/gazebo_ros_pkgs/package.xml
[4.747s] Invoked command in '/home/ultra/gazebo_ros/build/gazebo_ros_pkgs' returned '0': AMENT_PREFIX_PATH=/home/ultra/gazebo_ros/install/gazebo_plugins:/home/ultra/gazebo_ros/install/gazebo_ros:/home/ultra/gazebo_ros/install/gazebo_msgs:/home/ultra/gazebo_ros/install/gazebo_dev:${AMENT_PREFIX_PATH} CMAKE_PREFIX_PATH=/home/ultra/gazebo_ros/install/gazebo_plugins:/home/ultra/gazebo_ros/install/gazebo_ros:/home/ultra/gazebo_ros/install/gazebo_msgs:/home/ultra/gazebo_ros/install/gazebo_dev:/home/ultra/workspace/install/laris_robot:/opt/ros/humble LD_LIBRARY_PATH=/usr/lib/aarch64-linux-gnu/gazebo-11/plugins:/home/ultra/gazebo_ros/install/gazebo_plugins/lib:/home/ultra/gazebo_ros/install/gazebo_ros/lib:/home/ultra/gazebo_ros/install/gazebo_msgs/lib:${LD_LIBRARY_PATH} PYTHONPATH=/home/ultra/gazebo_ros/install/gazebo_ros/local/lib/python3.10/dist-packages:/home/ultra/gazebo_ros/install/gazebo_msgs/local/lib/python3.10/dist-packages:${PYTHONPATH} /usr/bin/cmake --install /home/ultra/gazebo_ros/build/gazebo_ros_pkgs
