[0.065s] Invoking command in '/home/ultra/gazebo_ros/build/gazebo_ros': AMENT_PREFIX_PATH=/home/ultra/gazebo_ros/install/gazebo_msgs:/home/ultra/gazebo_ros/install/gazebo_dev:${AMENT_PREFIX_PATH} CMAKE_PREFIX_PATH=/home/ultra/gazebo_ros/install/gazebo_msgs:/home/ultra/gazebo_ros/install/gazebo_dev:/home/ultra/workspace/install/laris_robot:/opt/ros/humble LD_LIBRARY_PATH=/home/ultra/gazebo_ros/install/gazebo_msgs/lib:${LD_LIBRARY_PATH} PYTHONPATH=/home/ultra/gazebo_ros/install/gazebo_msgs/local/lib/python3.10/dist-packages:${PYTHONPATH} /usr/bin/cmake /home/ultra/gazebo_ros/src/gazebo_ros_pkgs/gazebo_ros -DAMENT_CMAKE_SYMLINK_INSTALL=1 -DCMAKE_INSTALL_PREFIX=/home/ultra/gazebo_ros/install/gazebo_ros
[0.378s] -- The C compiler identification is GNU 11.4.0
[0.697s] -- The CXX compiler identification is GNU 11.4.0
[0.736s] -- Detecting C compiler ABI info
[1.115s] -- Detecting C compiler ABI info - done
[1.160s] -- Check for working C compiler: /usr/bin/cc - skipped
[1.161s] -- Detecting C compile features
[1.164s] -- Detecting C compile features - done
[1.181s] -- Detecting CXX compiler ABI info
[1.616s] -- Detecting CXX compiler ABI info - done
[1.663s] -- Check for working CXX compiler: /usr/bin/c++ - skipped
[1.665s] -- Detecting CXX compile features
[1.667s] -- Detecting CXX compile features - done
[1.687s] -- Found ament_cmake: 1.3.12 (/opt/ros/humble/share/ament_cmake/cmake)
[2.502s] -- Found Python3: /usr/bin/python3 (found version "3.10.12") found components: Interpreter 
[2.841s] -- Override CMake install command with custom implementation using symlinks instead of copying resources
[3.062s] -- Found builtin_interfaces: 1.2.2 (/opt/ros/humble/share/builtin_interfaces/cmake)
[3.276s] -- Found rosidl_generator_c: 3.1.7 (/opt/ros/humble/share/rosidl_generator_c/cmake)
[3.316s] -- Found rosidl_adapter: 3.1.7 (/opt/ros/humble/share/rosidl_adapter/cmake)
[3.374s] -- Found rosidl_generator_cpp: 3.1.7 (/opt/ros/humble/share/rosidl_generator_cpp/cmake)
[3.454s] -- Using all available rosidl_typesupport_c: rosidl_typesupport_fastrtps_c;rosidl_typesupport_introspection_c
[3.561s] -- Using all available rosidl_typesupport_cpp: rosidl_typesupport_fastrtps_cpp;rosidl_typesupport_introspection_cpp
[3.654s] -- Found gazebo_dev: 3.9.0 (/home/ultra/gazebo_ros/install/gazebo_dev/share/gazebo_dev/cmake)
[3.696s] -- Found PkgConfig: /usr/bin/pkg-config (found version "0.29.2") 
[3.702s] -- Checking for module 'bullet>=2.82'
[3.767s] --   Found bullet, version 3.05
[4.334s] -- Found fcl: /usr/include (found suitable version "0.7.0", minimum required is "0.5.0") 
[4.584s] -- Found assimp: /usr/include (found version "5.2.0") 
[4.729s] -- Found DART: /usr/include (Required is at least version "6.6") found components: dart 
[5.740s] -- Found Boost: /usr/lib/aarch64-linux-gnu/cmake/Boost-1.74.0/BoostConfig.cmake (found suitable version "1.74.0", minimum required is "1.40.0") found components: thread system filesystem program_options regex iostreams date_time 
[5.806s] -- Found Protobuf: /usr/lib/aarch64-linux-gnu/libprotobuf.so (found version "3.12.4") 
[5.846s] -- Looking for ignition-math6 -- found version 6.15.1
[5.884s] -- Searching for dependencies of ignition-math6
[5.891s] -- Looking for OGRE...
[5.893s] -- OGRE_PREFIX_WATCH changed.
[5.920s] -- Checking for module 'OGRE'
[5.985s] --   Found OGRE, version 1.9.0
[6.150s] -- Found Ogre Ghadamon (1.9.0)
[6.205s] -- Found OGRE: optimized;/usr/lib/aarch64-linux-gnu/libOgreMain.so;debug;/usr/lib/aarch64-linux-gnu/libOgreMain.so
[6.250s] -- Looking for OGRE_Paging...
[6.273s] -- Found OGRE_Paging: optimized;/usr/lib/aarch64-linux-gnu/libOgrePaging.so;debug;/usr/lib/aarch64-linux-gnu/libOgrePaging.so
[6.273s] -- Looking for OGRE_Terrain...
[6.295s] -- Found OGRE_Terrain: optimized;/usr/lib/aarch64-linux-gnu/libOgreTerrain.so;debug;/usr/lib/aarch64-linux-gnu/libOgreTerrain.so
[6.295s] -- Looking for OGRE_Property...
[6.317s] -- Found OGRE_Property: optimized;/usr/lib/aarch64-linux-gnu/libOgreProperty.so;debug;/usr/lib/aarch64-linux-gnu/libOgreProperty.so
[6.317s] -- Looking for OGRE_RTShaderSystem...
[6.339s] -- Found OGRE_RTShaderSystem: optimized;/usr/lib/aarch64-linux-gnu/libOgreRTShaderSystem.so;debug;/usr/lib/aarch64-linux-gnu/libOgreRTShaderSystem.so
[6.340s] -- Looking for OGRE_Volume...
[6.363s] -- Found OGRE_Volume: optimized;/usr/lib/aarch64-linux-gnu/libOgreVolume.so;debug;/usr/lib/aarch64-linux-gnu/libOgreVolume.so
[6.363s] -- Looking for OGRE_Overlay...
[6.384s] -- Found OGRE_Overlay: optimized;/usr/lib/aarch64-linux-gnu/libOgreOverlay.so;debug;/usr/lib/aarch64-linux-gnu/libOgreOverlay.so
[6.993s] -- Looking for ignition-math6 -- found version 6.15.1
[7.012s] -- Looking for ignition-transport8 -- found version 8.2.1
[7.014s] -- Searching for dependencies of ignition-transport8
[7.128s] -- Found Protobuf: /usr/lib/aarch64-linux-gnu/libprotobuf.so (found suitable version "3.12.4", minimum required is "3") 
[7.207s] -- Config-file not installed for ZeroMQ -- checking for pkg-config
[7.238s] -- Checking for module 'libzmq >= 4'
[7.307s] --   Found libzmq , version 4.3.4
[7.516s] -- Found ZeroMQ: TRUE (Required is at least version "4") 
[7.546s] -- Checking for module 'uuid'
[7.611s] --   Found uuid, version 2.37.2
[7.781s] -- Found UUID: TRUE  
[7.801s] -- Looking for ignition-msgs5 -- found version 5.8.1
[7.803s] -- Searching for dependencies of ignition-msgs5
[7.922s] -- Looking for ignition-math6 -- found version 6.15.1
[7.950s] -- Checking for module 'tinyxml2'
[8.017s] --   Found tinyxml2, version 9.0.0
[8.193s] -- Looking for ignition-msgs5 -- found version 5.8.1
[8.211s] -- Looking for ignition-common3 -- found version 3.14.0
[8.214s] -- Searching for dependencies of ignition-common3
[8.216s] -- Looking for dlfcn.h - found
[8.218s] -- Looking for libdl - found
[8.225s] -- Found DL: TRUE  
[8.288s] -- Found tinyobjloader: /usr/lib/aarch64-linux-gnu/cmake/tinyobjloader/tinyobjloader-config.cmake (found version "2.0.0") 
[8.290s] -- Searching for <ignition-common3> component [graphics]
[8.308s] -- Looking for ignition-common3-graphics -- found version 3.14.0
[8.311s] -- Searching for dependencies of ignition-common3-graphics
[8.313s] -- Looking for ignition-math6 -- found version 6.15.1
[8.335s] -- Looking for ignition-fuel_tools4 -- found version 4.4.0
[8.337s] -- Searching for dependencies of ignition-fuel_tools4
[8.755s] -- Found CURL: /usr/lib/aarch64-linux-gnu/libcurl.so (found version "7.81.0")  
[8.809s] -- Checking for module 'jsoncpp'
[8.882s] --   Found jsoncpp, version 1.9.5
[9.057s] -- Found JSONCPP: TRUE  
[9.093s] -- Checking for module 'libzip'
[9.162s] --   Found libzip, version 1.7.3
[9.334s] -- Found ZIP: TRUE  
[9.337s] -- Looking for ignition-common3 -- found version 3.14.0
[9.339s] -- Looking for ignition-math6 -- found version 6.15.1
[9.341s] -- Looking for ignition-msgs5 -- found version 5.8.1
[9.368s] -- Gazebo version: 11.10
[9.370s] -- Checking for module 'tbb'
[9.443s] --   Found tbb, version 2021.5.0
[9.621s] -- Found gazebo_msgs: 3.9.0 (/home/ultra/gazebo_ros/install/gazebo_msgs/share/gazebo_msgs/cmake)
[9.985s] -- Found rcl: 5.3.10 (/opt/ros/humble/share/rcl/cmake)
[10.162s] -- Found rmw_implementation_cmake: 6.1.2 (/opt/ros/humble/share/rmw_implementation_cmake/cmake)
[10.182s] -- Found rmw_fastrtps_cpp: 6.2.8 (/opt/ros/humble/share/rmw_fastrtps_cpp/cmake)
[10.707s] -- Found OpenSSL: /usr/lib/aarch64-linux-gnu/libcrypto.so (found version "3.0.2")  
[10.853s] -- Found FastRTPS: /opt/ros/humble/include  
[11.115s] -- Using RMW implementation 'rmw_fastrtps_cpp' as default
[11.197s] -- Found Threads: TRUE  
[11.240s] -- Found rclcpp: 16.0.15 (/opt/ros/humble/share/rclcpp/cmake)
[11.469s] -- Found std_srvs: 4.9.0 (/opt/ros/humble/share/std_srvs/cmake)
[11.529s] -- Found tinyxml_vendor: 0.8.3 (/opt/ros/humble/share/tinyxml_vendor/cmake)
[12.243s] -- Found ament_cmake_gtest: 1.3.12 (/opt/ros/humble/share/ament_cmake_gtest/cmake)
[12.262s] -- Found launch_testing_ament_cmake: 1.0.10 (/opt/ros/humble/share/launch_testing_ament_cmake/cmake)
[12.277s] -- Found python_cmake_module: 0.10.0 (/opt/ros/humble/share/python_cmake_module/cmake)
[12.398s] -- Found PythonInterp: /usr/bin/python3 (found suitable version "3.10.12", minimum required is "3.6") 
[12.421s] -- Found PythonLibs: /usr/lib/aarch64-linux-gnu/libpython3.10.so (found suitable version "3.10.12", minimum required is "3.5") 
[12.422s] -- Using PYTHON_EXECUTABLE: /usr/bin/python3
[12.422s] -- Using PYTHON_INCLUDE_DIRS: /usr/include/python3.10
[12.423s] -- Using PYTHON_LIBRARIES: /usr/lib/aarch64-linux-gnu/libpython3.10.so
[12.540s] -- Found PythonExtra: .so  
[12.555s] -- Found sensor_msgs: 4.9.0 (/opt/ros/humble/share/sensor_msgs/cmake)
[12.754s] -- Found gtest sources under '/opt/ros/humble/src/gtest_vendor': C++ tests using 'Google Test' will be built
[13.275s] -- Found ament_lint_auto: 0.12.14 (/opt/ros/humble/share/ament_lint_auto/cmake)
[13.755s] -- Found python_cmake_module: 0.10.0 (/opt/ros/humble/share/python_cmake_module/cmake)
[13.878s] -- Using PYTHON_EXECUTABLE: /usr/bin/python3
[13.878s] -- Using PYTHON_INCLUDE_DIRS: /usr/include/python3.10
[13.879s] -- Using PYTHON_LIBRARIES: /usr/lib/aarch64-linux-gnu/libpython3.10.so
[14.079s] -- Added test 'copyright' to check source files copyright and LICENSE
[14.124s] -- Added test 'cppcheck' to perform static code analysis on C / C++ code
[14.130s] -- Configured cppcheck include dirs: $<BUILD_INTERFACE:/home/ultra/gazebo_ros/src/gazebo_ros_pkgs/gazebo_ros/include>
[14.131s] -- Configured cppcheck exclude dirs and/or files: 
[14.138s] -- Added test 'flake8' to check Python code syntax and style conventions
[14.151s] -- Added test 'lint_cmake' to check CMake code style
[14.159s] -- Added test 'pep257' to check Python code against some of the docstring style conventions in PEP 257
[14.200s] -- Added test 'uncrustify' to check C / C++ code style
[14.201s] -- Configured uncrustify additional arguments: 
[14.208s] -- Added test 'xmllint' to check XML markup files
[14.233s] -- Configuring done
[17.741s] -- Generating done
[18.086s] -- Build files have been written to: /home/ultra/gazebo_ros/build/gazebo_ros
[18.189s] Invoked command in '/home/ultra/gazebo_ros/build/gazebo_ros' returned '0': AMENT_PREFIX_PATH=/home/ultra/gazebo_ros/install/gazebo_msgs:/home/ultra/gazebo_ros/install/gazebo_dev:${AMENT_PREFIX_PATH} CMAKE_PREFIX_PATH=/home/ultra/gazebo_ros/install/gazebo_msgs:/home/ultra/gazebo_ros/install/gazebo_dev:/home/ultra/workspace/install/laris_robot:/opt/ros/humble LD_LIBRARY_PATH=/home/ultra/gazebo_ros/install/gazebo_msgs/lib:${LD_LIBRARY_PATH} PYTHONPATH=/home/ultra/gazebo_ros/install/gazebo_msgs/local/lib/python3.10/dist-packages:${PYTHONPATH} /usr/bin/cmake /home/ultra/gazebo_ros/src/gazebo_ros_pkgs/gazebo_ros -DAMENT_CMAKE_SYMLINK_INSTALL=1 -DCMAKE_INSTALL_PREFIX=/home/ultra/gazebo_ros/install/gazebo_ros
[18.200s] Invoking command in '/home/ultra/gazebo_ros/build/gazebo_ros': AMENT_PREFIX_PATH=/home/ultra/gazebo_ros/install/gazebo_msgs:/home/ultra/gazebo_ros/install/gazebo_dev:${AMENT_PREFIX_PATH} CMAKE_PREFIX_PATH=/home/ultra/gazebo_ros/install/gazebo_msgs:/home/ultra/gazebo_ros/install/gazebo_dev:/home/ultra/workspace/install/laris_robot:/opt/ros/humble LD_LIBRARY_PATH=/home/ultra/gazebo_ros/install/gazebo_msgs/lib:${LD_LIBRARY_PATH} PYTHONPATH=/home/ultra/gazebo_ros/install/gazebo_msgs/local/lib/python3.10/dist-packages:${PYTHONPATH} /usr/bin/cmake --build /home/ultra/gazebo_ros/build/gazebo_ros -- -j6 -l6
[18.522s] [  1%] [32mBuilding CXX object gtest/CMakeFiles/gtest_main.dir/src/gtest_main.cc.o[0m
[18.530s] [  3%] [32mBuilding CXX object CMakeFiles/gazebo_ros_node.dir/src/executor.cpp.o[0m
[18.533s] [  4%] [32mBuilding CXX object gtest/CMakeFiles/gtest.dir/src/gtest-all.cc.o[0m
[18.540s] [  6%] [32mBuilding CXX object CMakeFiles/gazebo_ros_utils.dir/src/utils.cpp.o[0m
[18.557s] [  7%] [32mBuilding CXX object test/CMakeFiles/mock_robot_state_publisher.dir/mock_robot_state_publisher/robot_state_publisher.cpp.o[0m
[18.575s] [  7%] Built target ament_cmake_python_symlink_scripts
[18.705s] [  9%] [32mBuilding CXX object test/CMakeFiles/mock_gazebo_ros_factory.dir/mock_gazebo_ros_factory/gazebo_ros_factory.cpp.o[0m
[22.257s] [ 10%] [32m[1mLinking CXX static library libgtest_main.a[0m
[22.468s] [ 10%] Built target gtest_main
[22.522s] [ 12%] [32mBuilding CXX object CMakeFiles/gazebo_ros_node.dir/src/node.cpp.o[0m
[37.056s] [ 14%] [32m[1mLinking CXX static library libgtest.a[0m
[37.543s] [ 14%] Built target gtest
[39.113s] running egg_info
[39.118s] creating scripts.egg-info
[39.119s] writing scripts.egg-info/PKG-INFO
[39.121s] writing dependency_links to scripts.egg-info/dependency_links.txt
[39.123s] writing top-level names to scripts.egg-info/top_level.txt
[39.125s] writing manifest file 'scripts.egg-info/SOURCES.txt'
[39.140s] reading manifest file 'scripts.egg-info/SOURCES.txt'
[39.144s] writing manifest file 'scripts.egg-info/SOURCES.txt'
[39.297s] [ 14%] Built target ament_cmake_python_build_scripts_egg
[39.350s] [ 15%] [32mBuilding CXX object CMakeFiles/gazebo_ros_node.dir/src/qos.cpp.o[0m
[41.544s] [ 17%] [32m[1mLinking CXX executable mock_gazebo_ros_factory[0m
[42.440s] [ 17%] Built target mock_gazebo_ros_factory
[45.987s] [ 18%] [32m[1mLinking CXX executable mock_robot_state_publisher[0m
[46.886s] [ 18%] Built target mock_robot_state_publisher
[67.793s] [ 20%] [32m[1mLinking CXX shared library libgazebo_ros_node.so[0m
[69.641s] [ 20%] Built target gazebo_ros_node
[69.779s] [ 21%] [32mBuilding CXX object test/CMakeFiles/create_node_without_init.dir/plugins/create_node_without_init.cpp.o[0m
[69.783s] [ 23%] [32mBuilding CXX object CMakeFiles/gazebo_ros_state.dir/src/gazebo_ros_state.cpp.o[0m
[69.788s] [ 25%] [32mBuilding CXX object CMakeFiles/gazebo_ros_properties.dir/src/gazebo_ros_properties.cpp.o[0m
[69.790s] [ 26%] [32mBuilding CXX object test/CMakeFiles/args_init.dir/plugins/args_init.cpp.o[0m
[69.793s] [ 28%] [32mBuilding CXX object CMakeFiles/gazebo_ros_force_system.dir/src/gazebo_ros_force_system.cpp.o[0m
[70.238s] [ 29%] [32m[1mLinking CXX shared library libgazebo_ros_utils.so[0m
[71.547s] [ 29%] Built target gazebo_ros_utils
[71.685s] [ 31%] [32mBuilding CXX object test/CMakeFiles/multiple_nodes.dir/plugins/multiple_nodes.cpp.o[0m
[126.781s] [ 32%] [32m[1mLinking CXX shared library libcreate_node_without_init.so[0m
[128.706s] [ 32%] Built target create_node_without_init
[128.756s] [ 34%] [32m[1mLinking CXX shared library libargs_init.so[0m
[128.842s] [ 35%] [32mBuilding CXX object test/CMakeFiles/ros_world_plugin.dir/plugins/ros_world_plugin.cpp.o[0m
[130.743s] [ 35%] Built target args_init
[130.883s] [ 37%] [32mBuilding CXX object test/CMakeFiles/sdf_node.dir/plugins/sdf_node.cpp.o[0m
[132.652s] [ 39%] [32m[1mLinking CXX shared library libmultiple_nodes.so[0m
[134.482s] [ 39%] Built target multiple_nodes
[134.615s] [ 40%] [32mBuilding CXX object test/CMakeFiles/test_conversions.dir/test_conversions.cpp.o[0m
[156.331s] [ 42%] [32m[1mLinking CXX shared library libgazebo_ros_force_system.so[0m
[158.018s] [ 43%] [32m[1mLinking CXX executable test_conversions[0m
[159.558s] [ 43%] Built target gazebo_ros_force_system
[159.712s] [ 45%] [32mBuilding CXX object test/CMakeFiles/test_gazebo_ros_factory.dir/test_gazebo_ros_factory.cpp.o[0m
[159.920s] [ 46%] [32m[1mLinking CXX shared library libgazebo_ros_state.so[0m
[162.814s] [ 46%] Built target test_conversions
[162.973s] [ 48%] [32mBuilding CXX object test/CMakeFiles/test_gazebo_ros_init.dir/test_gazebo_ros_init.cpp.o[0m
[163.342s] [ 48%] Built target gazebo_ros_state
[163.487s] [ 50%] [32mBuilding CXX object test/CMakeFiles/test_gazebo_ros_joint_effort.dir/test_gazebo_ros_joint_effort.cpp.o[0m
[182.121s] [ 51%] [32m[1mLinking CXX shared library libgazebo_ros_properties.so[0m
[186.302s] [ 53%] [32m[1mLinking CXX shared library libros_world_plugin.so[0m
[186.418s] [ 53%] Built target gazebo_ros_properties
[187.574s] [ 54%] [32mBuilding CXX object test/CMakeFiles/test_gazebo_ros_link_wrench.dir/test_gazebo_ros_link_wrench.cpp.o[0m
[188.181s] [ 54%] Built target ros_world_plugin
[188.318s] [ 56%] [32mBuilding CXX object test/CMakeFiles/test_gazebo_ros_properties.dir/test_gazebo_ros_properties.cpp.o[0m
[189.758s] [ 57%] [32m[1mLinking CXX shared library libsdf_node.so[0m
[191.716s] [ 57%] Built target sdf_node
[196.887s] [ 59%] [32mBuilding CXX object test/CMakeFiles/test_gazebo_ros_state.dir/test_gazebo_ros_state.cpp.o[0m
[299.693s] [ 60%] [32m[1mLinking CXX executable test_gazebo_ros_init[0m
[303.421s] [ 62%] [32m[1mLinking CXX executable test_gazebo_ros_joint_effort[0m
[308.051s] [ 62%] Built target test_gazebo_ros_init
[308.374s] [ 64%] [32m[1mLinking CXX executable test_gazebo_ros_factory[0m
[310.271s] [ 64%] Built target test_gazebo_ros_joint_effort
[314.358s] [ 64%] Built target test_gazebo_ros_factory
[322.506s] [ 65%] [32mBuilding CXX object test/CMakeFiles/test_plugins.dir/test_plugins.cpp.o[0m
[324.590s] [ 67%] [32mBuilding CXX object test/CMakeFiles/test_reject_duplicate_nodes.dir/test_reject_duplicate_nodes.cpp.o[0m
[324.593s] [ 68%] [32m[1mLinking CXX executable test_gazebo_ros_link_wrench[0m
[326.680s] [ 70%] [32mBuilding CXX object test/CMakeFiles/test_node.dir/test_node.cpp.o[0m
[330.342s] [ 70%] Built target test_gazebo_ros_link_wrench
[330.495s] [ 71%] [32mBuilding CXX object test/CMakeFiles/test_qos.dir/test_qos.cpp.o[0m
[347.662s] [ 73%] [32m[1mLinking CXX executable test_gazebo_ros_properties[0m
[354.450s] [ 73%] Built target test_gazebo_ros_properties
[356.644s] [ 75%] [32m[1mLinking CXX executable test_qos[0m
[360.391s] [ 75%] Built target test_qos
[374.682s] [ 76%] [32m[1mLinking CXX executable test_reject_duplicate_nodes[0m
[375.294s] [ 78%] [32m[1mLinking CXX executable test_node[0m
[378.120s] [ 78%] Built target test_reject_duplicate_nodes
[378.385s] [ 79%] [32m[1mLinking CXX executable test_plugins[0m
[378.701s] [ 79%] Built target test_node
[380.987s] [ 79%] Built target test_plugins
[382.053s] [ 81%] [32m[1mLinking CXX executable test_gazebo_ros_state[0m
[388.410s] [ 81%] Built target test_gazebo_ros_state
[388.536s] [ 82%] [34m[1mAutomatic MOC for target gazebo_ros_eol_gui[0m
[388.542s] [ 84%] [32mBuilding CXX object CMakeFiles/gazebo_ros_init.dir/src/gazebo_ros_init.cpp.o[0m
[388.544s] [ 85%] [32mBuilding CXX object CMakeFiles/gazebo_ros_factory.dir/src/gazebo_ros_factory.cpp.o[0m
[388.549s] [ 89%] [32mBuilding CXX object test/CMakeFiles/test_sim_time.dir/test_sim_time.cpp.o[0m
[388.550s] [ 89%] [32mBuilding CXX object test/CMakeFiles/test_utils.dir/test_utils.cpp.o[0m
[396.324s] [ 89%] Built target gazebo_ros_eol_gui_autogen
[396.464s] [ 90%] [32mBuilding CXX object CMakeFiles/gazebo_ros_eol_gui.dir/gazebo_ros_eol_gui_autogen/mocs_compilation.cpp.o[0m
[396.490s] [ 92%] [32mBuilding CXX object CMakeFiles/gazebo_ros_eol_gui.dir/src/gazebo_ros_eol_gui.cpp.o[0m
[440.180s] [ 93%] [32m[1mLinking CXX executable test_sim_time[0m
[442.911s] [ 93%] Built target test_sim_time
[445.802s] [ 95%] [32m[1mLinking CXX executable test_utils[0m
[449.597s] [ 95%] Built target test_utils
[461.079s] [ 96%] [32m[1mLinking CXX shared library libgazebo_ros_eol_gui.so[0m
[464.860s] [ 96%] Built target gazebo_ros_eol_gui
[475.187s] [ 98%] [32m[1mLinking CXX shared library libgazebo_ros_factory.so[0m
[477.805s] [ 98%] Built target gazebo_ros_factory
[477.960s] [100%] [32m[1mLinking CXX shared library libgazebo_ros_init.so[0m
[480.918s] [100%] Built target gazebo_ros_init
[481.000s] Invoked command in '/home/ultra/gazebo_ros/build/gazebo_ros' returned '0': AMENT_PREFIX_PATH=/home/ultra/gazebo_ros/install/gazebo_msgs:/home/ultra/gazebo_ros/install/gazebo_dev:${AMENT_PREFIX_PATH} CMAKE_PREFIX_PATH=/home/ultra/gazebo_ros/install/gazebo_msgs:/home/ultra/gazebo_ros/install/gazebo_dev:/home/ultra/workspace/install/laris_robot:/opt/ros/humble LD_LIBRARY_PATH=/home/ultra/gazebo_ros/install/gazebo_msgs/lib:${LD_LIBRARY_PATH} PYTHONPATH=/home/ultra/gazebo_ros/install/gazebo_msgs/local/lib/python3.10/dist-packages:${PYTHONPATH} /usr/bin/cmake --build /home/ultra/gazebo_ros/build/gazebo_ros -- -j6 -l6
[481.020s] Invoking command in '/home/ultra/gazebo_ros/build/gazebo_ros': AMENT_PREFIX_PATH=/home/ultra/gazebo_ros/install/gazebo_msgs:/home/ultra/gazebo_ros/install/gazebo_dev:${AMENT_PREFIX_PATH} CMAKE_PREFIX_PATH=/home/ultra/gazebo_ros/install/gazebo_msgs:/home/ultra/gazebo_ros/install/gazebo_dev:/home/ultra/workspace/install/laris_robot:/opt/ros/humble LD_LIBRARY_PATH=/home/ultra/gazebo_ros/install/gazebo_msgs/lib:${LD_LIBRARY_PATH} PYTHONPATH=/home/ultra/gazebo_ros/install/gazebo_msgs/local/lib/python3.10/dist-packages:${PYTHONPATH} /usr/bin/cmake --install /home/ultra/gazebo_ros/build/gazebo_ros
[481.059s] -- Install configuration: ""
[481.060s] -- Execute custom install script
[481.063s] -- Symlinking: /home/ultra/gazebo_ros/install/gazebo_ros/share/gazebo_ros/environment/pythonpath.sh
[481.107s] -- Symlinking: /home/ultra/gazebo_ros/install/gazebo_ros/share/gazebo_ros/environment/pythonpath.dsv
[481.157s] -- Symlinking: /home/ultra/gazebo_ros/install/gazebo_ros/local/lib/python3.10/dist-packages/scripts-3.9.0-py3.10.egg-info/PKG-INFO
[481.200s] -- Symlinking: /home/ultra/gazebo_ros/install/gazebo_ros/local/lib/python3.10/dist-packages/scripts-3.9.0-py3.10.egg-info/SOURCES.txt
[481.244s] -- Symlinking: /home/ultra/gazebo_ros/install/gazebo_ros/local/lib/python3.10/dist-packages/scripts-3.9.0-py3.10.egg-info/dependency_links.txt
[481.287s] -- Symlinking: /home/ultra/gazebo_ros/install/gazebo_ros/local/lib/python3.10/dist-packages/scripts-3.9.0-py3.10.egg-info/top_level.txt
[481.334s] -- Symlinking: /home/ultra/gazebo_ros/install/gazebo_ros/local/lib/python3.10/dist-packages/scripts/__init__.py
[481.378s] -- Symlinking: /home/ultra/gazebo_ros/install/gazebo_ros/local/lib/python3.10/dist-packages/scripts/gazebo_ros_paths.py
[481.421s] -- Symlinking: /home/ultra/gazebo_ros/install/gazebo_ros/local/lib/python3.10/dist-packages/scripts/spawn_entity.py
[481.465s] -- Symlinking: /home/ultra/gazebo_ros/install/gazebo_ros/share/gazebo_ros/environment/library_path.sh
[481.508s] -- Symlinking: /home/ultra/gazebo_ros/install/gazebo_ros/share/gazebo_ros/environment/library_path.dsv
[481.552s] -- Symlinking: /home/ultra/gazebo_ros/install/gazebo_ros/share/ament_index/resource_index/package_run_dependencies/gazebo_ros
[481.597s] -- Symlinking: /home/ultra/gazebo_ros/install/gazebo_ros/share/ament_index/resource_index/parent_prefix_path/gazebo_ros
[481.640s] -- Symlinking: /home/ultra/gazebo_ros/install/gazebo_ros/share/gazebo_ros/environment/ament_prefix_path.sh
[481.684s] -- Symlinking: /home/ultra/gazebo_ros/install/gazebo_ros/share/gazebo_ros/environment/ament_prefix_path.dsv
[481.735s] -- Symlinking: /home/ultra/gazebo_ros/install/gazebo_ros/share/gazebo_ros/environment/path.sh
[481.781s] -- Symlinking: /home/ultra/gazebo_ros/install/gazebo_ros/share/gazebo_ros/environment/path.dsv
[481.829s] -- Symlinking: /home/ultra/gazebo_ros/install/gazebo_ros/share/gazebo_ros/local_setup.bash
[481.880s] -- Symlinking: /home/ultra/gazebo_ros/install/gazebo_ros/share/gazebo_ros/local_setup.sh
[481.928s] -- Symlinking: /home/ultra/gazebo_ros/install/gazebo_ros/share/gazebo_ros/local_setup.zsh
[481.973s] -- Symlinking: /home/ultra/gazebo_ros/install/gazebo_ros/share/gazebo_ros/local_setup.dsv
[482.019s] -- Symlinking: /home/ultra/gazebo_ros/install/gazebo_ros/share/gazebo_ros/package.dsv
[482.066s] -- Symlinking: /home/ultra/gazebo_ros/install/gazebo_ros/share/ament_index/resource_index/packages/gazebo_ros
[482.120s] -- Symlinking: /home/ultra/gazebo_ros/install/gazebo_ros/share/gazebo_ros/cmake/ament_cmake_export_libraries-extras.cmake
[482.166s] -- Symlinking: /home/ultra/gazebo_ros/install/gazebo_ros/share/gazebo_ros/cmake/ament_cmake_export_include_directories-extras.cmake
[482.209s] -- Symlinking: /home/ultra/gazebo_ros/install/gazebo_ros/share/gazebo_ros/cmake/ament_cmake_export_dependencies-extras.cmake
[482.253s] -- Symlinking: /home/ultra/gazebo_ros/install/gazebo_ros/share/gazebo_ros/cmake/gazebo_rosConfig.cmake
[482.296s] -- Symlinking: /home/ultra/gazebo_ros/install/gazebo_ros/share/gazebo_ros/cmake/gazebo_rosConfig-version.cmake
[482.341s] -- Symlinking: /home/ultra/gazebo_ros/install/gazebo_ros/share/gazebo_ros/package.xml
[482.388s] -- Symlinking: /home/ultra/gazebo_ros/install/gazebo_ros/include/gazebo_ros/conversions/builtin_interfaces.hpp
[482.433s] -- Symlinking: /home/ultra/gazebo_ros/install/gazebo_ros/include/gazebo_ros/conversions/gazebo_msgs.hpp
[482.477s] -- Symlinking: /home/ultra/gazebo_ros/install/gazebo_ros/include/gazebo_ros/conversions/generic.hpp
[482.520s] -- Symlinking: /home/ultra/gazebo_ros/install/gazebo_ros/include/gazebo_ros/conversions/geometry_msgs.hpp
[482.563s] -- Symlinking: /home/ultra/gazebo_ros/install/gazebo_ros/include/gazebo_ros/conversions/sensor_msgs.hpp
[482.606s] -- Symlinking: /home/ultra/gazebo_ros/install/gazebo_ros/include/gazebo_ros/executor.hpp
[482.649s] -- Symlinking: /home/ultra/gazebo_ros/install/gazebo_ros/include/gazebo_ros/gazebo_ros_factory.hpp
[482.692s] -- Symlinking: /home/ultra/gazebo_ros/install/gazebo_ros/include/gazebo_ros/gazebo_ros_force_system.hpp
[482.736s] -- Symlinking: /home/ultra/gazebo_ros/install/gazebo_ros/include/gazebo_ros/gazebo_ros_init.hpp
[482.779s] -- Symlinking: /home/ultra/gazebo_ros/install/gazebo_ros/include/gazebo_ros/gazebo_ros_properties.hpp
[482.822s] -- Symlinking: /home/ultra/gazebo_ros/install/gazebo_ros/include/gazebo_ros/gazebo_ros_state.hpp
[482.865s] -- Symlinking: /home/ultra/gazebo_ros/install/gazebo_ros/include/gazebo_ros/node.hpp
[482.908s] -- Symlinking: /home/ultra/gazebo_ros/install/gazebo_ros/include/gazebo_ros/node_visibility_control.h
[482.951s] -- Symlinking: /home/ultra/gazebo_ros/install/gazebo_ros/include/gazebo_ros/qos.hpp
[482.993s] -- Symlinking: /home/ultra/gazebo_ros/install/gazebo_ros/include/gazebo_ros/testing_utils.hpp
[483.038s] -- Symlinking: /home/ultra/gazebo_ros/install/gazebo_ros/include/gazebo_ros/utils.hpp
[483.082s] -- Symlinking: /home/ultra/gazebo_ros/install/gazebo_ros/include/gazebo_ros/utils_visibility_control.h
[483.130s] -- Symlinking: /home/ultra/gazebo_ros/install/gazebo_ros/lib/gazebo_ros//gazebo_ros_paths.py
[483.176s] -- Symlinking: /home/ultra/gazebo_ros/install/gazebo_ros/lib/libgazebo_ros_factory.so
[483.221s] -- Symlinking: /home/ultra/gazebo_ros/install/gazebo_ros/lib/libgazebo_ros_force_system.so
[483.265s] -- Symlinking: /home/ultra/gazebo_ros/install/gazebo_ros/lib/libgazebo_ros_init.so
[483.311s] -- Symlinking: /home/ultra/gazebo_ros/install/gazebo_ros/lib/libgazebo_ros_node.so
[483.354s] -- Symlinking: /home/ultra/gazebo_ros/install/gazebo_ros/lib/libgazebo_ros_properties.so
[483.399s] -- Symlinking: /home/ultra/gazebo_ros/install/gazebo_ros/lib/libgazebo_ros_state.so
[483.444s] -- Symlinking: /home/ultra/gazebo_ros/install/gazebo_ros/lib/libgazebo_ros_utils.so
[483.487s] -- Symlinking: /home/ultra/gazebo_ros/install/gazebo_ros/lib/libgazebo_ros_eol_gui.so
[483.532s] -- Symlinking: /home/ultra/gazebo_ros/install/gazebo_ros/lib/gazebo_ros//spawn_entity.py
[483.577s] -- Symlinking: /home/ultra/gazebo_ros/install/gazebo_ros/share/gazebo_ros//launch/gazebo.launch.py
[483.620s] -- Symlinking: /home/ultra/gazebo_ros/install/gazebo_ros/share/gazebo_ros//launch/gzclient.launch.py
[483.663s] -- Symlinking: /home/ultra/gazebo_ros/install/gazebo_ros/share/gazebo_ros//launch/gzserver.launch.py
[483.710s] -- Symlinking: /home/ultra/gazebo_ros/install/gazebo_ros/share/gazebo_ros//launch/spawn_entity_demo.launch.py
[483.757s] -- Symlinking: /home/ultra/gazebo_ros/install/gazebo_ros/share/gazebo_ros//worlds/empty.world
[483.801s] -- Symlinking: /home/ultra/gazebo_ros/install/gazebo_ros/share/gazebo_ros//worlds/gazebo_ros_force_system_demo.world
[483.843s] -- Symlinking: /home/ultra/gazebo_ros/install/gazebo_ros/share/gazebo_ros//worlds/gazebo_ros_properties_demo.world
[483.887s] -- Symlinking: /home/ultra/gazebo_ros/install/gazebo_ros/share/gazebo_ros//worlds/gazebo_ros_state_demo.world
[484.177s] Listing '/home/ultra/gazebo_ros/install/gazebo_ros/local/lib/python3.10/dist-packages/scripts'...
[484.178s] Compiling '/home/ultra/gazebo_ros/install/gazebo_ros/local/lib/python3.10/dist-packages/scripts/__init__.py'...
[484.178s] Compiling '/home/ultra/gazebo_ros/install/gazebo_ros/local/lib/python3.10/dist-packages/scripts/gazebo_ros_paths.py'...
[484.179s] Compiling '/home/ultra/gazebo_ros/install/gazebo_ros/local/lib/python3.10/dist-packages/scripts/spawn_entity.py'...
[484.217s] Invoked command in '/home/ultra/gazebo_ros/build/gazebo_ros' returned '0': AMENT_PREFIX_PATH=/home/ultra/gazebo_ros/install/gazebo_msgs:/home/ultra/gazebo_ros/install/gazebo_dev:${AMENT_PREFIX_PATH} CMAKE_PREFIX_PATH=/home/ultra/gazebo_ros/install/gazebo_msgs:/home/ultra/gazebo_ros/install/gazebo_dev:/home/ultra/workspace/install/laris_robot:/opt/ros/humble LD_LIBRARY_PATH=/home/ultra/gazebo_ros/install/gazebo_msgs/lib:${LD_LIBRARY_PATH} PYTHONPATH=/home/ultra/gazebo_ros/install/gazebo_msgs/local/lib/python3.10/dist-packages:${PYTHONPATH} /usr/bin/cmake --install /home/ultra/gazebo_ros/build/gazebo_ros
